[2026-09-24T16:18:53.524+0000] {local_task_job_runner.py:123} INFO - ::group::Pre task execution logs
[2026-09-24T16:18:53.667+0000] {taskinstance.py:2614} INFO - Dependencies all met for dep_context=non-requeueable deps ti=<TaskInstance: dss150p_sales_pipeline.transform scheduled__2026-09-23T02:00:00+00:00 [queued]>
[2026-09-24T16:18:53.697+0000] {taskinstance.py:2614} INFO - Dependencies all met for dep_context=requeueable deps ti=<TaskInstance: dss150p_sales_pipeline.transform scheduled__2026-09-23T02:00:00+00:00 [queued]>
[2026-09-24T16:18:53.701+0000] {taskinstance.py:2867} INFO - Starting attempt 1 of 3
[2026-09-24T16:18:53.817+0000] {taskinstance.py:2890} INFO - Executing <Task(BashOperator): transform> on 2026-09-23 02:00:00+00:00
[2026-09-24T16:18:53.834+0000] {standard_task_runner.py:72} INFO - Started process 195 to run task
[2026-09-24T16:18:53.843+0000] {standard_task_runner.py:104} INFO - Running: ['airflow', 'tasks', 'run', 'dss150p_sales_pipeline', 'transform', 'scheduled__2026-09-23T02:00:00+00:00', '--job-id', '62', '--raw', '--subdir', 'DAGS_FOLDER/dss150p_pipeline.py', '--cfg-path', '/tmp/tmp0gdubdht']
[2026-09-24T16:18:53.855+0000] {standard_task_runner.py:105} INFO - Job 62: Subtask transform
[2026-09-24T16:18:54.218+0000] {task_command.py:467} INFO - Running <TaskInstance: dss150p_sales_pipeline.transform scheduled__2026-09-23T02:00:00+00:00 [running]> on host 4976f0549547
[2026-09-24T16:18:54.974+0000] {taskinstance.py:3134} INFO - Exporting env vars: AIRFLOW_CTX_DAG_OWNER='dss150p' AIRFLOW_CTX_DAG_ID='dss150p_sales_pipeline' AIRFLOW_CTX_TASK_ID='transform' AIRFLOW_CTX_EXECUTION_DATE='2026-09-23T02:00:00+00:00' AIRFLOW_CTX_TRY_NUMBER='1' AIRFLOW_CTX_DAG_RUN_ID='scheduled__2026-09-23T02:00:00+00:00'
[2026-09-24T16:18:54.990+0000] {taskinstance.py:732} INFO - ::endgroup::
[2026-09-24T16:18:55.086+0000] {subprocess.py:78} INFO - Tmp dir root location: /tmp
[2026-09-24T16:18:55.089+0000] {subprocess.py:88} INFO - Running command: ['/usr/bin/bash', '-c', 'cd /opt/airflow/project && PIPELINE_RUN_ID="scheduled__2026-09-23T02:00:00+00:00" python -m src.cli transform']
[2026-09-24T16:18:55.132+0000] {subprocess.py:99} INFO - Output:
[2026-09-24T16:19:01.919+0000] {subprocess.py:106} INFO - Starting transform phase. Run ID: manual_run
[2026-09-24T16:19:01.924+0000] {subprocess.py:106} INFO - Transforming data... Run ID: manual_run
[2026-09-24T16:19:02.321+0000] {subprocess.py:110} INFO - Command exited with return code 0
[2026-09-24T16:19:02.463+0000] {taskinstance.py:341} INFO - ::group::Post task execution logs
[2026-09-24T16:19:02.482+0000] {taskinstance.py:353} INFO - Marking task as SUCCESS. dag_id=dss150p_sales_pipeline, task_id=transform, run_id=scheduled__2026-09-23T02:00:00+00:00, execution_date=20260923T020000, start_date=20260924T161853, end_date=20260924T161902
[2026-09-24T16:19:02.698+0000] {local_task_job_runner.py:266} INFO - Task exited with return code 0
[2026-09-24T16:19:02.881+0000] {taskinstance.py:3901} INFO - 1 downstream tasks scheduled from follow-on schedule check
[2026-09-24T16:19:02.888+0000] {local_task_job_runner.py:245} INFO - ::endgroup::
