[2026-09-23T14:35:10.926+0000] {local_task_job_runner.py:123} INFO - ::group::Pre task execution logs
[2026-09-23T14:35:10.966+0000] {taskinstance.py:2614} INFO - Dependencies all met for dep_context=non-requeueable deps ti=<TaskInstance: dss150p_sales_pipeline.extract manual__2026-09-23T14:32:31+00:00 [queued]>
[2026-09-23T14:35:10.977+0000] {taskinstance.py:2614} INFO - Dependencies all met for dep_context=requeueable deps ti=<TaskInstance: dss150p_sales_pipeline.extract manual__2026-09-23T14:32:31+00:00 [queued]>
[2026-09-23T14:35:10.977+0000] {taskinstance.py:2867} INFO - Starting attempt 3 of 3
[2026-09-23T14:35:11.007+0000] {taskinstance.py:2890} INFO - Executing <Task(BashOperator): extract> on 2026-09-23 14:32:31+00:00
[2026-09-23T14:35:11.019+0000] {standard_task_runner.py:72} INFO - Started process 1142 to run task
[2026-09-23T14:35:11.026+0000] {standard_task_runner.py:104} INFO - Running: ['airflow', 'tasks', 'run', 'dss150p_sales_pipeline', 'extract', 'manual__2026-09-23T14:32:31+00:00', '--job-id', '30', '--raw', '--subdir', 'DAGS_FOLDER/dss150p_pipeline.py', '--cfg-path', '/tmp/tmpgs48759i']
[2026-09-23T14:35:11.029+0000] {standard_task_runner.py:105} INFO - Job 30: Subtask extract
[2026-09-23T14:35:11.144+0000] {task_command.py:467} INFO - Running <TaskInstance: dss150p_sales_pipeline.extract manual__2026-09-23T14:32:31+00:00 [running]> on host 4976f0549547
[2026-09-23T14:35:11.503+0000] {taskinstance.py:3134} INFO - Exporting env vars: AIRFLOW_CTX_DAG_OWNER='dss150p' AIRFLOW_CTX_DAG_ID='dss150p_sales_pipeline' AIRFLOW_CTX_TASK_ID='extract' AIRFLOW_CTX_EXECUTION_DATE='2026-09-23T14:32:31+00:00' AIRFLOW_CTX_TRY_NUMBER='3' AIRFLOW_CTX_DAG_RUN_ID='manual__2026-09-23T14:32:31+00:00'
[2026-09-23T14:35:11.511+0000] {taskinstance.py:732} INFO - ::endgroup::
[2026-09-23T14:35:11.565+0000] {subprocess.py:78} INFO - Tmp dir root location: /tmp
[2026-09-23T14:35:11.570+0000] {subprocess.py:88} INFO - Running command: ['/usr/bin/bash', '-c', 'cd /opt/airflow/project && PIPELINE_RUN_ID="manual__2026-09-23T14:32:31+00:00" python -m src.cli extract']
[2026-09-23T14:35:11.644+0000] {subprocess.py:99} INFO - Output:
[2026-09-23T14:35:15.587+0000] {subprocess.py:106} INFO - Traceback (most recent call last):
[2026-09-23T14:35:15.590+0000] {subprocess.py:106} INFO -   File "<frozen runpy>", line 198, in _run_module_as_main
[2026-09-23T14:35:15.594+0000] {subprocess.py:106} INFO -   File "<frozen runpy>", line 88, in _run_code
[2026-09-23T14:35:15.595+0000] {subprocess.py:106} INFO -   File "/opt/airflow/project/src/cli.py", line 93, in <module>
[2026-09-23T14:35:15.595+0000] {subprocess.py:106} INFO -     main()
[2026-09-23T14:35:15.598+0000] {subprocess.py:106} INFO -   File "/opt/airflow/project/src/cli.py", line 27, in main
[2026-09-23T14:35:15.600+0000] {subprocess.py:106} INFO -     from src.extract.main import extract_sources
[2026-09-23T14:35:15.604+0000] {subprocess.py:106} INFO -     ^^^^^^^^^^^^^^^^^^^^^^^^^^^^^^^^^^^^^^^^^^^^
[2026-09-23T14:35:15.606+0000] {subprocess.py:106} INFO - ModuleNotFoundError: No module named 'src.extract.main'
[2026-09-23T14:35:15.802+0000] {subprocess.py:110} INFO - Command exited with return code 1
[2026-09-23T14:35:15.861+0000] {taskinstance.py:3313} ERROR - Task failed with exception
Traceback (most recent call last):
  File "/home/airflow/.local/lib/python3.11/site-packages/airflow/models/taskinstance.py", line 768, in _execute_task
    result = _execute_callable(context=context, **execute_callable_kwargs)
             ^^^^^^^^^^^^^^^^^^^^^^^^^^^^^^^^^^^^^^^^^^^^^^^^^^^^^^^^^^^^^
  File "/home/airflow/.local/lib/python3.11/site-packages/airflow/models/taskinstance.py", line 734, in _execute_callable
    return ExecutionCallableRunner(
           ^^^^^^^^^^^^^^^^^^^^^^^^
  File "/home/airflow/.local/lib/python3.11/site-packages/airflow/utils/operator_helpers.py", line 252, in run
    return self.func(*args, **kwargs)
           ^^^^^^^^^^^^^^^^^^^^^^^^^^
  File "/home/airflow/.local/lib/python3.11/site-packages/airflow/models/baseoperator.py", line 424, in wrapper
    return func(self, *args, **kwargs)
           ^^^^^^^^^^^^^^^^^^^^^^^^^^^
  File "/home/airflow/.local/lib/python3.11/site-packages/airflow/operators/bash.py", line 276, in execute
    raise AirflowException(
airflow.exceptions.AirflowException: Bash command failed. The command returned a non-zero exit code 1.
[2026-09-23T14:35:15.872+0000] {taskinstance.py:1226} INFO - Marking task as FAILED. dag_id=dss150p_sales_pipeline, task_id=extract, run_id=manual__2026-09-23T14:32:31+00:00, execution_date=20260923T143231, start_date=20260923T143510, end_date=20260923T143515
[2026-09-23T14:35:15.873+0000] {taskinstance.py:1564} INFO - Executing callback at index 0: failure_callback
[2026-09-23T14:35:15.874+0000] {logging_mixin.py:190} INFO - TASK FAILED: extract
[2026-09-23T14:35:15.932+0000] {taskinstance.py:341} INFO - ::group::Post task execution logs
[2026-09-23T14:35:15.935+0000] {standard_task_runner.py:124} ERROR - Failed to execute job 30 for task extract (Bash command failed. The command returned a non-zero exit code 1.; 1142)
Traceback (most recent call last):
  File "/home/airflow/.local/lib/python3.11/site-packages/airflow/task/task_runner/standard_task_runner.py", line 117, in _start_by_fork
    ret = args.func(args, dag=self.dag)
          ^^^^^^^^^^^^^^^^^^^^^^^^^^^^^
  File "/home/airflow/.local/lib/python3.11/site-packages/airflow/cli/cli_config.py", line 49, in command
    return func(*args, **kwargs)
           ^^^^^^^^^^^^^^^^^^^^^
  File "/home/airflow/.local/lib/python3.11/site-packages/airflow/utils/cli.py", line 116, in wrapper
    return f(*args, **kwargs)
           ^^^^^^^^^^^^^^^^^^
  File "/home/airflow/.local/lib/python3.11/site-packages/airflow/cli/commands/task_command.py", line 483, in task_run
    task_return_code = _run_task_by_selected_method(args, _dag, ti)
                       ^^^^^^^^^^^^^^^^^^^^^^^^^^^^^^^^^^^^^^^^^^^^
  File "/home/airflow/.local/lib/python3.11/site-packages/airflow/cli/commands/task_command.py", line 256, in _run_task_by_selected_method
    return _run_raw_task(args, ti)
           ^^^^^^^^^^^^^^^^^^^^^^^
  File "/home/airflow/.local/lib/python3.11/site-packages/airflow/cli/commands/task_command.py", line 341, in _run_raw_task
    return ti._run_raw_task(
           ^^^^^^^^^^^^^^^^^
  File "/home/airflow/.local/lib/python3.11/site-packages/airflow/utils/session.py", line 97, in wrapper
    return func(*args, session=session, **kwargs)
           ^^^^^^^^^^^^^^^^^^^^^^^^^^^^^^^^^^^^^^
  File "/home/airflow/.local/lib/python3.11/site-packages/airflow/models/taskinstance.py", line 3006, in _run_raw_task
    return _run_raw_task(
           ^^^^^^^^^^^^^^
  File "/home/airflow/.local/lib/python3.11/site-packages/airflow/models/taskinstance.py", line 274, in _run_raw_task
    TaskInstance._execute_task_with_callbacks(
  File "/home/airflow/.local/lib/python3.11/site-packages/airflow/models/taskinstance.py", line 3161, in _execute_task_with_callbacks
    result = self._execute_task(context, task_orig)
             ^^^^^^^^^^^^^^^^^^^^^^^^^^^^^^^^^^^^^^
  File "/home/airflow/.local/lib/python3.11/site-packages/airflow/models/taskinstance.py", line 3185, in _execute_task
    return _execute_task(self, context, task_orig)
           ^^^^^^^^^^^^^^^^^^^^^^^^^^^^^^^^^^^^^^^
  File "/home/airflow/.local/lib/python3.11/site-packages/airflow/models/taskinstance.py", line 768, in _execute_task
    result = _execute_callable(context=context, **execute_callable_kwargs)
             ^^^^^^^^^^^^^^^^^^^^^^^^^^^^^^^^^^^^^^^^^^^^^^^^^^^^^^^^^^^^^
  File "/home/airflow/.local/lib/python3.11/site-packages/airflow/models/taskinstance.py", line 734, in _execute_callable
    return ExecutionCallableRunner(
           ^^^^^^^^^^^^^^^^^^^^^^^^
  File "/home/airflow/.local/lib/python3.11/site-packages/airflow/utils/operator_helpers.py", line 252, in run
    return self.func(*args, **kwargs)
           ^^^^^^^^^^^^^^^^^^^^^^^^^^
  File "/home/airflow/.local/lib/python3.11/site-packages/airflow/models/baseoperator.py", line 424, in wrapper
    return func(self, *args, **kwargs)
           ^^^^^^^^^^^^^^^^^^^^^^^^^^^
  File "/home/airflow/.local/lib/python3.11/site-packages/airflow/operators/bash.py", line 276, in execute
    raise AirflowException(
airflow.exceptions.AirflowException: Bash command failed. The command returned a non-zero exit code 1.
[2026-09-23T14:35:15.965+0000] {local_task_job_runner.py:266} INFO - Task exited with return code 1
[2026-09-23T14:35:16.026+0000] {taskinstance.py:3901} INFO - 0 downstream tasks scheduled from follow-on schedule check
[2026-09-23T14:35:16.059+0000] {standard_task_runner.py:217} INFO - Process not found (most likely exited), stop collecting metrics
[2026-09-23T14:35:16.062+0000] {local_task_job_runner.py:245} INFO - ::endgroup::
