[2026-09-23T14:49:53.447+0000] {local_task_job_runner.py:123} INFO - ::group::Pre task execution logs
[2026-09-23T14:49:53.491+0000] {taskinstance.py:2614} INFO - Dependencies all met for dep_context=non-requeueable deps ti=<TaskInstance: dss150p_sales_pipeline.extract manual__2026-09-23T14:33:07+00:00 [queued]>
[2026-09-23T14:49:53.507+0000] {taskinstance.py:2614} INFO - Dependencies all met for dep_context=requeueable deps ti=<TaskInstance: dss150p_sales_pipeline.extract manual__2026-09-23T14:33:07+00:00 [queued]>
[2026-09-23T14:49:53.508+0000] {taskinstance.py:2867} INFO - Starting attempt 4 of 6
[2026-09-23T14:49:53.533+0000] {taskinstance.py:2890} INFO - Executing <Task(BashOperator): extract> on 2026-09-23 14:33:07+00:00
[2026-09-23T14:49:53.564+0000] {standard_task_runner.py:72} INFO - Started process 1370 to run task
[2026-09-23T14:49:53.577+0000] {standard_task_runner.py:104} INFO - Running: ['airflow', 'tasks', 'run', 'dss150p_sales_pipeline', 'extract', 'manual__2026-09-23T14:33:07+00:00', '--job-id', '40', '--raw', '--subdir', 'DAGS_FOLDER/dss150p_pipeline.py', '--cfg-path', '/tmp/tmp6laods7h']
[2026-09-23T14:49:53.588+0000] {standard_task_runner.py:105} INFO - Job 40: Subtask extract
[2026-09-23T14:49:54.076+0000] {task_command.py:467} INFO - Running <TaskInstance: dss150p_sales_pipeline.extract manual__2026-09-23T14:33:07+00:00 [running]> on host 4976f0549547
[2026-09-23T14:49:54.460+0000] {taskinstance.py:3134} INFO - Exporting env vars: AIRFLOW_CTX_DAG_OWNER='dss150p' AIRFLOW_CTX_DAG_ID='dss150p_sales_pipeline' AIRFLOW_CTX_TASK_ID='extract' AIRFLOW_CTX_EXECUTION_DATE='2026-09-23T14:33:07+00:00' AIRFLOW_CTX_TRY_NUMBER='4' AIRFLOW_CTX_DAG_RUN_ID='manual__2026-09-23T14:33:07+00:00'
[2026-09-23T14:49:54.463+0000] {taskinstance.py:732} INFO - ::endgroup::
[2026-09-23T14:49:54.491+0000] {subprocess.py:78} INFO - Tmp dir root location: /tmp
[2026-09-23T14:49:54.498+0000] {subprocess.py:88} INFO - Running command: ['/usr/bin/bash', '-c', 'cd /opt/airflow/project && PIPELINE_RUN_ID="manual__2026-09-23T14:33:07+00:00" python -m src.cli extract']
[2026-09-23T14:49:54.513+0000] {subprocess.py:99} INFO - Output:
[2026-09-23T14:49:55.942+0000] {subprocess.py:106} INFO - Starting extract phase. Run ID: manual_run
[2026-09-23T14:49:55.943+0000] {subprocess.py:106} INFO - Extracting data from source... Run ID: manual_run
[2026-09-23T14:49:56.151+0000] {subprocess.py:110} INFO - Command exited with return code 0
[2026-09-23T14:49:56.224+0000] {taskinstance.py:341} INFO - ::group::Post task execution logs
[2026-09-23T14:49:56.225+0000] {taskinstance.py:353} INFO - Marking task as SUCCESS. dag_id=dss150p_sales_pipeline, task_id=extract, run_id=manual__2026-09-23T14:33:07+00:00, execution_date=20260923T143307, start_date=20260923T144953, end_date=20260923T144956
[2026-09-23T14:49:56.306+0000] {local_task_job_runner.py:266} INFO - Task exited with return code 0
[2026-09-23T14:49:56.408+0000] {taskinstance.py:3901} INFO - 1 downstream tasks scheduled from follow-on schedule check
[2026-09-23T14:49:56.411+0000] {local_task_job_runner.py:245} INFO - ::endgroup::
