[2026-09-23T13:28:56.668+0000] {local_task_job_runner.py:123} INFO - ::group::Pre task execution logs
[2026-09-23T13:28:56.744+0000] {taskinstance.py:2614} INFO - Dependencies all met for dep_context=non-requeueable deps ti=<TaskInstance: dss150p_sales_pipeline.transform scheduled__2026-09-22T02:00:00+00:00 [queued]>
[2026-09-23T13:28:56.796+0000] {taskinstance.py:2614} INFO - Dependencies all met for dep_context=requeueable deps ti=<TaskInstance: dss150p_sales_pipeline.transform scheduled__2026-09-22T02:00:00+00:00 [queued]>
[2026-09-23T13:28:56.798+0000] {taskinstance.py:2867} INFO - Starting attempt 1 of 3
[2026-09-23T13:28:56.824+0000] {taskinstance.py:2890} INFO - Executing <Task(BashOperator): transform> on 2026-09-22 02:00:00+00:00
[2026-09-23T13:28:56.833+0000] {standard_task_runner.py:72} INFO - Started process 216 to run task
[2026-09-23T13:28:56.845+0000] {standard_task_runner.py:104} INFO - Running: ['airflow', 'tasks', 'run', 'dss150p_sales_pipeline', 'transform', 'scheduled__2026-09-22T02:00:00+00:00', '--job-id', '4', '--raw', '--subdir', 'DAGS_FOLDER/dss150p_pipeline.py', '--cfg-path', '/tmp/tmpia89cw6o']
[2026-09-23T13:28:56.853+0000] {standard_task_runner.py:105} INFO - Job 4: Subtask transform
[2026-09-23T13:28:57.025+0000] {task_command.py:467} INFO - Running <TaskInstance: dss150p_sales_pipeline.transform scheduled__2026-09-22T02:00:00+00:00 [running]> on host 4976f0549547
[2026-09-23T13:28:57.302+0000] {taskinstance.py:3134} INFO - Exporting env vars: AIRFLOW_CTX_DAG_OWNER='dss150p' AIRFLOW_CTX_DAG_ID='dss150p_sales_pipeline' AIRFLOW_CTX_TASK_ID='transform' AIRFLOW_CTX_EXECUTION_DATE='2026-09-22T02:00:00+00:00' AIRFLOW_CTX_TRY_NUMBER='1' AIRFLOW_CTX_DAG_RUN_ID='scheduled__2026-09-22T02:00:00+00:00'
[2026-09-23T13:28:57.306+0000] {taskinstance.py:732} INFO - ::endgroup::
[2026-09-23T13:28:57.347+0000] {subprocess.py:78} INFO - Tmp dir root location: /tmp
[2026-09-23T13:28:57.349+0000] {subprocess.py:88} INFO - Running command: ['/usr/bin/bash', '-c', 'cd /opt/airflow/project && PIPELINE_RUN_ID="scheduled__2026-09-22T02:00:00+00:00" python -m src.cli transform']
[2026-09-23T13:28:57.363+0000] {subprocess.py:99} INFO - Output:
[2026-09-23T13:29:27.394+0000] {subprocess.py:106} INFO - run_id=scheduled__2026-09-22T02:00:00+00:00
[2026-09-23T13:29:27.402+0000] {subprocess.py:106} INFO - raw_dir=/opt/airflow/project/data/raw/run_id=scheduled__2026-09-22T02:00:00+00:00
[2026-09-23T13:29:27.404+0000] {subprocess.py:106} INFO - staging[customers] rows=3000
[2026-09-23T13:29:27.408+0000] {subprocess.py:106} INFO - staging[products] rows=599
[2026-09-23T13:29:27.410+0000] {subprocess.py:106} INFO - staging[orders] rows=49998
[2026-09-23T13:29:27.412+0000] {subprocess.py:106} INFO - curated rows=49897
[2026-09-23T13:29:27.419+0000] {subprocess.py:106} INFO - quarantine rows=104
[2026-09-23T13:29:27.843+0000] {subprocess.py:110} INFO - Command exited with return code 0
[2026-09-23T13:29:28.136+0000] {taskinstance.py:341} INFO - ::group::Post task execution logs
[2026-09-23T13:29:28.138+0000] {taskinstance.py:353} INFO - Marking task as SUCCESS. dag_id=dss150p_sales_pipeline, task_id=transform, run_id=scheduled__2026-09-22T02:00:00+00:00, execution_date=20260922T020000, start_date=20260923T132856, end_date=20260923T132928
[2026-09-23T13:29:28.253+0000] {local_task_job_runner.py:266} INFO - Task exited with return code 0
[2026-09-23T13:29:28.345+0000] {taskinstance.py:3901} INFO - 1 downstream tasks scheduled from follow-on schedule check
[2026-09-23T13:29:28.348+0000] {local_task_job_runner.py:245} INFO - ::endgroup::
