[2026-09-23T13:32:07.730+0000] {local_task_job_runner.py:123} INFO - ::group::Pre task execution logs
[2026-09-23T13:32:07.816+0000] {taskinstance.py:2614} INFO - Dependencies all met for dep_context=non-requeueable deps ti=<TaskInstance: dss150p_sales_pipeline.extract manual__2026-09-23T13:31:06+00:00 [queued]>
[2026-09-23T13:32:07.855+0000] {taskinstance.py:2614} INFO - Dependencies all met for dep_context=requeueable deps ti=<TaskInstance: dss150p_sales_pipeline.extract manual__2026-09-23T13:31:06+00:00 [queued]>
[2026-09-23T13:32:07.856+0000] {taskinstance.py:2867} INFO - Starting attempt 1 of 3
[2026-09-23T13:32:07.897+0000] {taskinstance.py:2890} INFO - Executing <Task(BashOperator): extract> on 2026-09-23 13:31:06+00:00
[2026-09-23T13:32:07.911+0000] {standard_task_runner.py:72} INFO - Started process 301 to run task
[2026-09-23T13:32:07.924+0000] {standard_task_runner.py:104} INFO - Running: ['airflow', 'tasks', 'run', 'dss150p_sales_pipeline', 'extract', 'manual__2026-09-23T13:31:06+00:00', '--job-id', '8', '--raw', '--subdir', 'DAGS_FOLDER/dss150p_pipeline.py', '--cfg-path', '/tmp/tmphod8xxed']
[2026-09-23T13:32:07.936+0000] {standard_task_runner.py:105} INFO - Job 8: Subtask extract
[2026-09-23T13:32:08.313+0000] {task_command.py:467} INFO - Running <TaskInstance: dss150p_sales_pipeline.extract manual__2026-09-23T13:31:06+00:00 [running]> on host 4976f0549547
[2026-09-23T13:32:08.927+0000] {taskinstance.py:3134} INFO - Exporting env vars: AIRFLOW_CTX_DAG_OWNER='dss150p' AIRFLOW_CTX_DAG_ID='dss150p_sales_pipeline' AIRFLOW_CTX_TASK_ID='extract' AIRFLOW_CTX_EXECUTION_DATE='2026-09-23T13:31:06+00:00' AIRFLOW_CTX_TRY_NUMBER='1' AIRFLOW_CTX_DAG_RUN_ID='manual__2026-09-23T13:31:06+00:00'
[2026-09-23T13:32:08.930+0000] {taskinstance.py:732} INFO - ::endgroup::
[2026-09-23T13:32:08.983+0000] {subprocess.py:78} INFO - Tmp dir root location: /tmp
[2026-09-23T13:32:08.992+0000] {subprocess.py:88} INFO - Running command: ['/usr/bin/bash', '-c', 'cd /opt/airflow/project && PIPELINE_RUN_ID="manual__2026-09-23T13:31:06+00:00" python -m src.cli extract']
[2026-09-23T13:32:09.015+0000] {subprocess.py:99} INFO - Output:
[2026-09-23T13:32:15.313+0000] {subprocess.py:106} INFO - run_id=manual__2026-09-23T13:31:06+00:00
[2026-09-23T13:32:15.319+0000] {subprocess.py:106} INFO - raw_dir=/opt/airflow/project/data/raw/run_id=manual__2026-09-23T13:31:06+00:00
[2026-09-23T13:32:16.178+0000] {subprocess.py:110} INFO - Command exited with return code 0
[2026-09-23T13:32:17.141+0000] {taskinstance.py:341} INFO - ::group::Post task execution logs
[2026-09-23T13:32:17.160+0000] {taskinstance.py:353} INFO - Marking task as SUCCESS. dag_id=dss150p_sales_pipeline, task_id=extract, run_id=manual__2026-09-23T13:31:06+00:00, execution_date=20260923T133106, start_date=20260923T133207, end_date=20260923T133217
[2026-09-23T13:32:17.701+0000] {local_task_job_runner.py:266} INFO - Task exited with return code 0
[2026-09-23T13:32:17.898+0000] {taskinstance.py:3901} INFO - 1 downstream tasks scheduled from follow-on schedule check
[2026-09-23T13:32:17.901+0000] {local_task_job_runner.py:245} INFO - ::endgroup::
[2026-09-23T13:32:17.962+0000] {standard_task_runner.py:217} INFO - Process not found (most likely exited), stop collecting metrics
