[2026-09-23T13:32:21.675+0000] {local_task_job_runner.py:123} INFO - ::group::Pre task execution logs
[2026-09-23T13:32:21.736+0000] {taskinstance.py:2614} INFO - Dependencies all met for dep_context=non-requeueable deps ti=<TaskInstance: dss150p_sales_pipeline.transform manual__2026-09-23T13:31:06+00:00 [queued]>
[2026-09-23T13:32:21.768+0000] {taskinstance.py:2614} INFO - Dependencies all met for dep_context=requeueable deps ti=<TaskInstance: dss150p_sales_pipeline.transform manual__2026-09-23T13:31:06+00:00 [queued]>
[2026-09-23T13:32:21.771+0000] {taskinstance.py:2867} INFO - Starting attempt 1 of 3
[2026-09-23T13:32:21.802+0000] {taskinstance.py:2890} INFO - Executing <Task(BashOperator): transform> on 2026-09-23 13:31:06+00:00
[2026-09-23T13:32:21.811+0000] {standard_task_runner.py:72} INFO - Started process 309 to run task
[2026-09-23T13:32:21.817+0000] {standard_task_runner.py:104} INFO - Running: ['airflow', 'tasks', 'run', 'dss150p_sales_pipeline', 'transform', 'manual__2026-09-23T13:31:06+00:00', '--job-id', '9', '--raw', '--subdir', 'DAGS_FOLDER/dss150p_pipeline.py', '--cfg-path', '/tmp/tmp8de_76qx']
[2026-09-23T13:32:21.825+0000] {standard_task_runner.py:105} INFO - Job 9: Subtask transform
[2026-09-23T13:32:21.955+0000] {task_command.py:467} INFO - Running <TaskInstance: dss150p_sales_pipeline.transform manual__2026-09-23T13:31:06+00:00 [running]> on host 4976f0549547
[2026-09-23T13:32:22.215+0000] {taskinstance.py:3134} INFO - Exporting env vars: AIRFLOW_CTX_DAG_OWNER='dss150p' AIRFLOW_CTX_DAG_ID='dss150p_sales_pipeline' AIRFLOW_CTX_TASK_ID='transform' AIRFLOW_CTX_EXECUTION_DATE='2026-09-23T13:31:06+00:00' AIRFLOW_CTX_TRY_NUMBER='1' AIRFLOW_CTX_DAG_RUN_ID='manual__2026-09-23T13:31:06+00:00'
[2026-09-23T13:32:22.221+0000] {taskinstance.py:732} INFO - ::endgroup::
[2026-09-23T13:32:22.278+0000] {subprocess.py:78} INFO - Tmp dir root location: /tmp
[2026-09-23T13:32:22.285+0000] {subprocess.py:88} INFO - Running command: ['/usr/bin/bash', '-c', 'cd /opt/airflow/project && PIPELINE_RUN_ID="manual__2026-09-23T13:31:06+00:00" python -m src.cli transform']
[2026-09-23T13:32:22.313+0000] {subprocess.py:99} INFO - Output:
[2026-09-23T13:32:55.234+0000] {subprocess.py:106} INFO - run_id=manual__2026-09-23T13:31:06+00:00
[2026-09-23T13:32:55.251+0000] {subprocess.py:106} INFO - raw_dir=/opt/airflow/project/data/raw/run_id=manual__2026-09-23T13:31:06+00:00
[2026-09-23T13:32:55.254+0000] {subprocess.py:106} INFO - staging[customers] rows=3000
[2026-09-23T13:32:55.255+0000] {subprocess.py:106} INFO - staging[products] rows=599
[2026-09-23T13:32:55.259+0000] {subprocess.py:106} INFO - staging[orders] rows=49998
[2026-09-23T13:32:55.262+0000] {subprocess.py:106} INFO - curated rows=49897
[2026-09-23T13:32:55.263+0000] {subprocess.py:106} INFO - quarantine rows=104
[2026-09-23T13:32:55.943+0000] {subprocess.py:110} INFO - Command exited with return code 0
[2026-09-23T13:32:56.247+0000] {taskinstance.py:341} INFO - ::group::Post task execution logs
[2026-09-23T13:32:56.250+0000] {taskinstance.py:353} INFO - Marking task as SUCCESS. dag_id=dss150p_sales_pipeline, task_id=transform, run_id=manual__2026-09-23T13:31:06+00:00, execution_date=20260923T133106, start_date=20260923T133221, end_date=20260923T133256
[2026-09-23T13:32:56.714+0000] {local_task_job_runner.py:266} INFO - Task exited with return code 0
[2026-09-23T13:32:56.871+0000] {taskinstance.py:3901} INFO - 1 downstream tasks scheduled from follow-on schedule check
[2026-09-23T13:32:56.878+0000] {local_task_job_runner.py:245} INFO - ::endgroup::
