[2026-09-24T16:19:04.817+0000] {local_task_job_runner.py:123} INFO - ::group::Pre task execution logs
[2026-09-24T16:19:05.175+0000] {taskinstance.py:2614} INFO - Dependencies all met for dep_context=non-requeueable deps ti=<TaskInstance: dss150p_sales_pipeline.load scheduled__2026-09-23T02:00:00+00:00 [queued]>
[2026-09-24T16:19:05.239+0000] {taskinstance.py:2614} INFO - Dependencies all met for dep_context=requeueable deps ti=<TaskInstance: dss150p_sales_pipeline.load scheduled__2026-09-23T02:00:00+00:00 [queued]>
[2026-09-24T16:19:05.241+0000] {taskinstance.py:2867} INFO - Starting attempt 1 of 3
[2026-09-24T16:19:05.357+0000] {taskinstance.py:2890} INFO - Executing <Task(BashOperator): load> on 2026-09-23 02:00:00+00:00
[2026-09-24T16:19:05.366+0000] {standard_task_runner.py:72} INFO - Started process 218 to run task
[2026-09-24T16:19:05.382+0000] {standard_task_runner.py:104} INFO - Running: ['airflow', 'tasks', 'run', 'dss150p_sales_pipeline', 'load', 'scheduled__2026-09-23T02:00:00+00:00', '--job-id', '65', '--raw', '--subdir', 'DAGS_FOLDER/dss150p_pipeline.py', '--cfg-path', '/tmp/tmp40zw4vb9']
[2026-09-24T16:19:05.502+0000] {standard_task_runner.py:105} INFO - Job 65: Subtask load
[2026-09-24T16:19:05.754+0000] {task_command.py:467} INFO - Running <TaskInstance: dss150p_sales_pipeline.load scheduled__2026-09-23T02:00:00+00:00 [running]> on host 4976f0549547
[2026-09-24T16:19:06.346+0000] {taskinstance.py:3134} INFO - Exporting env vars: AIRFLOW_CTX_DAG_OWNER='dss150p' AIRFLOW_CTX_DAG_ID='dss150p_sales_pipeline' AIRFLOW_CTX_TASK_ID='load' AIRFLOW_CTX_EXECUTION_DATE='2026-09-23T02:00:00+00:00' AIRFLOW_CTX_TRY_NUMBER='1' AIRFLOW_CTX_DAG_RUN_ID='scheduled__2026-09-23T02:00:00+00:00'
[2026-09-24T16:19:06.347+0000] {taskinstance.py:732} INFO - ::endgroup::
[2026-09-24T16:19:06.418+0000] {subprocess.py:78} INFO - Tmp dir root location: /tmp
[2026-09-24T16:19:06.422+0000] {subprocess.py:88} INFO - Running command: ['/usr/bin/bash', '-c', 'cd /opt/airflow/project && PIPELINE_RUN_ID="scheduled__2026-09-23T02:00:00+00:00" python -m src.cli load']
[2026-09-24T16:19:06.442+0000] {subprocess.py:99} INFO - Output:
[2026-09-24T16:19:13.399+0000] {subprocess.py:106} INFO - Starting load phase...
[2026-09-24T16:19:13.400+0000] {subprocess.py:106} INFO - Loading curated data into PostgreSQL...
[2026-09-24T16:19:13.762+0000] {subprocess.py:110} INFO - Command exited with return code 0
[2026-09-24T16:19:13.860+0000] {taskinstance.py:341} INFO - ::group::Post task execution logs
[2026-09-24T16:19:13.863+0000] {taskinstance.py:353} INFO - Marking task as SUCCESS. dag_id=dss150p_sales_pipeline, task_id=load, run_id=scheduled__2026-09-23T02:00:00+00:00, execution_date=20260923T020000, start_date=20260924T161905, end_date=20260924T161913
[2026-09-24T16:19:13.981+0000] {local_task_job_runner.py:266} INFO - Task exited with return code 0
[2026-09-24T16:19:14.060+0000] {taskinstance.py:3901} INFO - 1 downstream tasks scheduled from follow-on schedule check
[2026-09-24T16:19:14.064+0000] {local_task_job_runner.py:245} INFO - ::endgroup::
