[2026-09-23T14:50:04.831+0000] {local_task_job_runner.py:123} INFO - ::group::Pre task execution logs
[2026-09-23T14:50:04.877+0000] {taskinstance.py:2614} INFO - Dependencies all met for dep_context=non-requeueable deps ti=<TaskInstance: dss150p_sales_pipeline.load manual__2026-09-23T14:33:07+00:00 [queued]>
[2026-09-23T14:50:04.962+0000] {taskinstance.py:2614} INFO - Dependencies all met for dep_context=requeueable deps ti=<TaskInstance: dss150p_sales_pipeline.load manual__2026-09-23T14:33:07+00:00 [queued]>
[2026-09-23T14:50:04.964+0000] {taskinstance.py:2867} INFO - Starting attempt 1 of 3
[2026-09-23T14:50:05.068+0000] {taskinstance.py:2890} INFO - Executing <Task(BashOperator): load> on 2026-09-23 14:33:07+00:00
[2026-09-23T14:50:05.135+0000] {standard_task_runner.py:72} INFO - Started process 1404 to run task
[2026-09-23T14:50:05.194+0000] {standard_task_runner.py:104} INFO - Running: ['airflow', 'tasks', 'run', 'dss150p_sales_pipeline', 'load', 'manual__2026-09-23T14:33:07+00:00', '--job-id', '45', '--raw', '--subdir', 'DAGS_FOLDER/dss150p_pipeline.py', '--cfg-path', '/tmp/tmppgqqu36z']
[2026-09-23T14:50:05.200+0000] {standard_task_runner.py:105} INFO - Job 45: Subtask load
[2026-09-23T14:50:05.525+0000] {task_command.py:467} INFO - Running <TaskInstance: dss150p_sales_pipeline.load manual__2026-09-23T14:33:07+00:00 [running]> on host 4976f0549547
[2026-09-23T14:50:05.761+0000] {taskinstance.py:3134} INFO - Exporting env vars: AIRFLOW_CTX_DAG_OWNER='dss150p' AIRFLOW_CTX_DAG_ID='dss150p_sales_pipeline' AIRFLOW_CTX_TASK_ID='load' AIRFLOW_CTX_EXECUTION_DATE='2026-09-23T14:33:07+00:00' AIRFLOW_CTX_TRY_NUMBER='1' AIRFLOW_CTX_DAG_RUN_ID='manual__2026-09-23T14:33:07+00:00'
[2026-09-23T14:50:05.765+0000] {taskinstance.py:732} INFO - ::endgroup::
[2026-09-23T14:50:05.828+0000] {subprocess.py:78} INFO - Tmp dir root location: /tmp
[2026-09-23T14:50:05.851+0000] {subprocess.py:88} INFO - Running command: ['/usr/bin/bash', '-c', 'cd /opt/airflow/project && PIPELINE_RUN_ID="manual__2026-09-23T14:33:07+00:00" python -m src.cli load']
[2026-09-23T14:50:05.874+0000] {subprocess.py:99} INFO - Output:
[2026-09-23T14:50:08.277+0000] {subprocess.py:106} INFO - Starting load phase...
[2026-09-23T14:50:08.280+0000] {subprocess.py:106} INFO - Loading curated data into PostgreSQL...
[2026-09-23T14:50:08.462+0000] {subprocess.py:110} INFO - Command exited with return code 0
[2026-09-23T14:50:08.635+0000] {taskinstance.py:341} INFO - ::group::Post task execution logs
[2026-09-23T14:50:08.637+0000] {taskinstance.py:353} INFO - Marking task as SUCCESS. dag_id=dss150p_sales_pipeline, task_id=load, run_id=manual__2026-09-23T14:33:07+00:00, execution_date=20260923T143307, start_date=20260923T145004, end_date=20260923T145008
[2026-09-23T14:50:08.765+0000] {local_task_job_runner.py:266} INFO - Task exited with return code 0
[2026-09-23T14:50:08.846+0000] {local_task_job_runner.py:245} INFO - ::endgroup::
