[2026-09-23T14:49:58.937+0000] {local_task_job_runner.py:123} INFO - ::group::Pre task execution logs
[2026-09-23T14:49:59.019+0000] {taskinstance.py:2614} INFO - Dependencies all met for dep_context=non-requeueable deps ti=<TaskInstance: dss150p_sales_pipeline.extract manual__2026-09-23T14:33:40+00:00 [queued]>
[2026-09-23T14:49:59.047+0000] {taskinstance.py:2614} INFO - Dependencies all met for dep_context=requeueable deps ti=<TaskInstance: dss150p_sales_pipeline.extract manual__2026-09-23T14:33:40+00:00 [queued]>
[2026-09-23T14:49:59.048+0000] {taskinstance.py:2867} INFO - Starting attempt 4 of 6
[2026-09-23T14:49:59.081+0000] {taskinstance.py:2890} INFO - Executing <Task(BashOperator): extract> on 2026-09-23 14:33:40+00:00
[2026-09-23T14:49:59.103+0000] {standard_task_runner.py:72} INFO - Started process 1379 to run task
[2026-09-23T14:49:59.105+0000] {standard_task_runner.py:104} INFO - Running: ['airflow', 'tasks', 'run', 'dss150p_sales_pipeline', 'extract', 'manual__2026-09-23T14:33:40+00:00', '--job-id', '41', '--raw', '--subdir', 'DAGS_FOLDER/dss150p_pipeline.py', '--cfg-path', '/tmp/tmp8xuu55u0']
[2026-09-23T14:49:59.112+0000] {standard_task_runner.py:105} INFO - Job 41: Subtask extract
[2026-09-23T14:49:59.275+0000] {task_command.py:467} INFO - Running <TaskInstance: dss150p_sales_pipeline.extract manual__2026-09-23T14:33:40+00:00 [running]> on host 4976f0549547
[2026-09-23T14:49:59.580+0000] {taskinstance.py:3134} INFO - Exporting env vars: AIRFLOW_CTX_DAG_OWNER='dss150p' AIRFLOW_CTX_DAG_ID='dss150p_sales_pipeline' AIRFLOW_CTX_TASK_ID='extract' AIRFLOW_CTX_EXECUTION_DATE='2026-09-23T14:33:40+00:00' AIRFLOW_CTX_TRY_NUMBER='4' AIRFLOW_CTX_DAG_RUN_ID='manual__2026-09-23T14:33:40+00:00'
[2026-09-23T14:49:59.587+0000] {taskinstance.py:732} INFO - ::endgroup::
[2026-09-23T14:49:59.622+0000] {subprocess.py:78} INFO - Tmp dir root location: /tmp
[2026-09-23T14:49:59.626+0000] {subprocess.py:88} INFO - Running command: ['/usr/bin/bash', '-c', 'cd /opt/airflow/project && PIPELINE_RUN_ID="manual__2026-09-23T14:33:40+00:00" python -m src.cli extract']
[2026-09-23T14:49:59.676+0000] {subprocess.py:99} INFO - Output:
[2026-09-23T14:50:03.272+0000] {subprocess.py:106} INFO - Starting extract phase. Run ID: manual_run
[2026-09-23T14:50:03.273+0000] {subprocess.py:106} INFO - Extracting data from source... Run ID: manual_run
[2026-09-23T14:50:03.414+0000] {subprocess.py:110} INFO - Command exited with return code 0
[2026-09-23T14:50:03.485+0000] {taskinstance.py:341} INFO - ::group::Post task execution logs
[2026-09-23T14:50:03.486+0000] {taskinstance.py:353} INFO - Marking task as SUCCESS. dag_id=dss150p_sales_pipeline, task_id=extract, run_id=manual__2026-09-23T14:33:40+00:00, execution_date=20260923T143340, start_date=20260923T144959, end_date=20260923T145003
[2026-09-23T14:50:03.621+0000] {local_task_job_runner.py:266} INFO - Task exited with return code 0
[2026-09-23T14:50:03.763+0000] {taskinstance.py:3901} INFO - 1 downstream tasks scheduled from follow-on schedule check
[2026-09-23T14:50:03.768+0000] {local_task_job_runner.py:245} INFO - ::endgroup::
