[2026-09-23T13:28:40.840+0000] {local_task_job_runner.py:123} INFO - ::group::Pre task execution logs
[2026-09-23T13:28:40.932+0000] {taskinstance.py:2614} INFO - Dependencies all met for dep_context=non-requeueable deps ti=<TaskInstance: dss150p_sales_pipeline.extract scheduled__2026-09-22T02:00:00+00:00 [queued]>
[2026-09-23T13:28:40.967+0000] {taskinstance.py:2614} INFO - Dependencies all met for dep_context=requeueable deps ti=<TaskInstance: dss150p_sales_pipeline.extract scheduled__2026-09-22T02:00:00+00:00 [queued]>
[2026-09-23T13:28:40.970+0000] {taskinstance.py:2867} INFO - Starting attempt 1 of 3
[2026-09-23T13:28:41.155+0000] {taskinstance.py:2890} INFO - Executing <Task(BashOperator): extract> on 2026-09-22 02:00:00+00:00
[2026-09-23T13:28:41.209+0000] {standard_task_runner.py:72} INFO - Started process 203 to run task
[2026-09-23T13:28:41.230+0000] {standard_task_runner.py:104} INFO - Running: ['airflow', 'tasks', 'run', 'dss150p_sales_pipeline', 'extract', 'scheduled__2026-09-22T02:00:00+00:00', '--job-id', '3', '--raw', '--subdir', 'DAGS_FOLDER/dss150p_pipeline.py', '--cfg-path', '/tmp/tmpffqzfauy']
[2026-09-23T13:28:41.240+0000] {standard_task_runner.py:105} INFO - Job 3: Subtask extract
[2026-09-23T13:28:42.660+0000] {task_command.py:467} INFO - Running <TaskInstance: dss150p_sales_pipeline.extract scheduled__2026-09-22T02:00:00+00:00 [running]> on host 4976f0549547
[2026-09-23T13:28:44.050+0000] {taskinstance.py:3134} INFO - Exporting env vars: AIRFLOW_CTX_DAG_OWNER='dss150p' AIRFLOW_CTX_DAG_ID='dss150p_sales_pipeline' AIRFLOW_CTX_TASK_ID='extract' AIRFLOW_CTX_EXECUTION_DATE='2026-09-22T02:00:00+00:00' AIRFLOW_CTX_TRY_NUMBER='1' AIRFLOW_CTX_DAG_RUN_ID='scheduled__2026-09-22T02:00:00+00:00'
[2026-09-23T13:28:44.053+0000] {taskinstance.py:732} INFO - ::endgroup::
[2026-09-23T13:28:44.290+0000] {subprocess.py:78} INFO - Tmp dir root location: /tmp
[2026-09-23T13:28:44.305+0000] {subprocess.py:88} INFO - Running command: ['/usr/bin/bash', '-c', 'cd /opt/airflow/project && PIPELINE_RUN_ID="scheduled__2026-09-22T02:00:00+00:00" python -m src.cli extract']
[2026-09-23T13:28:44.341+0000] {subprocess.py:99} INFO - Output:
[2026-09-23T13:28:53.310+0000] {subprocess.py:106} INFO - run_id=scheduled__2026-09-22T02:00:00+00:00
[2026-09-23T13:28:53.312+0000] {subprocess.py:106} INFO - raw_dir=/opt/airflow/project/data/raw/run_id=scheduled__2026-09-22T02:00:00+00:00
[2026-09-23T13:28:54.680+0000] {subprocess.py:110} INFO - Command exited with return code 0
[2026-09-23T13:28:54.790+0000] {taskinstance.py:341} INFO - ::group::Post task execution logs
[2026-09-23T13:28:54.791+0000] {taskinstance.py:353} INFO - Marking task as SUCCESS. dag_id=dss150p_sales_pipeline, task_id=extract, run_id=scheduled__2026-09-22T02:00:00+00:00, execution_date=20260922T020000, start_date=20260923T132840, end_date=20260923T132854
[2026-09-23T13:28:55.239+0000] {local_task_job_runner.py:266} INFO - Task exited with return code 0
[2026-09-23T13:28:55.372+0000] {taskinstance.py:3901} INFO - 1 downstream tasks scheduled from follow-on schedule check
[2026-09-23T13:28:55.376+0000] {local_task_job_runner.py:245} INFO - ::endgroup::
