[2026-09-24T16:18:53.605+0000] {local_task_job_runner.py:123} INFO - ::group::Pre task execution logs
[2026-09-24T16:18:53.713+0000] {taskinstance.py:2614} INFO - Dependencies all met for dep_context=non-requeueable deps ti=<TaskInstance: dss150p_sales_pipeline.transform manual__2026-09-24T16:18:18+00:00 [queued]>
[2026-09-24T16:18:53.740+0000] {taskinstance.py:2614} INFO - Dependencies all met for dep_context=requeueable deps ti=<TaskInstance: dss150p_sales_pipeline.transform manual__2026-09-24T16:18:18+00:00 [queued]>
[2026-09-24T16:18:53.742+0000] {taskinstance.py:2867} INFO - Starting attempt 1 of 3
[2026-09-24T16:18:53.850+0000] {taskinstance.py:2890} INFO - Executing <Task(BashOperator): transform> on 2026-09-24 16:18:18+00:00
[2026-09-24T16:18:53.907+0000] {standard_task_runner.py:104} INFO - Running: ['airflow', 'tasks', 'run', 'dss150p_sales_pipeline', 'transform', 'manual__2026-09-24T16:18:18+00:00', '--job-id', '63', '--raw', '--subdir', 'DAGS_FOLDER/dss150p_pipeline.py', '--cfg-path', '/tmp/tmplqd_hiw_']
[2026-09-24T16:18:53.917+0000] {standard_task_runner.py:105} INFO - Job 63: Subtask transform
[2026-09-24T16:18:53.866+0000] {standard_task_runner.py:72} INFO - Started process 197 to run task
[2026-09-24T16:18:54.216+0000] {task_command.py:467} INFO - Running <TaskInstance: dss150p_sales_pipeline.transform manual__2026-09-24T16:18:18+00:00 [running]> on host 4976f0549547
[2026-09-24T16:18:54.973+0000] {taskinstance.py:3134} INFO - Exporting env vars: AIRFLOW_CTX_DAG_OWNER='dss150p' AIRFLOW_CTX_DAG_ID='dss150p_sales_pipeline' AIRFLOW_CTX_TASK_ID='transform' AIRFLOW_CTX_EXECUTION_DATE='2026-09-24T16:18:18+00:00' AIRFLOW_CTX_TRY_NUMBER='1' AIRFLOW_CTX_DAG_RUN_ID='manual__2026-09-24T16:18:18+00:00'
[2026-09-24T16:18:54.975+0000] {taskinstance.py:732} INFO - ::endgroup::
[2026-09-24T16:18:55.055+0000] {subprocess.py:78} INFO - Tmp dir root location: /tmp
[2026-09-24T16:18:55.057+0000] {subprocess.py:88} INFO - Running command: ['/usr/bin/bash', '-c', 'cd /opt/airflow/project && PIPELINE_RUN_ID="manual__2026-09-24T16:18:18+00:00" python -m src.cli transform']
[2026-09-24T16:18:55.095+0000] {subprocess.py:99} INFO - Output:
[2026-09-24T16:19:01.922+0000] {subprocess.py:106} INFO - Starting transform phase. Run ID: manual_run
[2026-09-24T16:19:01.925+0000] {subprocess.py:106} INFO - Transforming data... Run ID: manual_run
[2026-09-24T16:19:02.380+0000] {subprocess.py:110} INFO - Command exited with return code 0
[2026-09-24T16:19:02.506+0000] {taskinstance.py:341} INFO - ::group::Post task execution logs
[2026-09-24T16:19:02.515+0000] {taskinstance.py:353} INFO - Marking task as SUCCESS. dag_id=dss150p_sales_pipeline, task_id=transform, run_id=manual__2026-09-24T16:18:18+00:00, execution_date=20260924T161818, start_date=20260924T161853, end_date=20260924T161902
[2026-09-24T16:19:02.698+0000] {local_task_job_runner.py:266} INFO - Task exited with return code 0
[2026-09-24T16:19:02.923+0000] {taskinstance.py:3901} INFO - 1 downstream tasks scheduled from follow-on schedule check
[2026-09-24T16:19:02.931+0000] {local_task_job_runner.py:245} INFO - ::endgroup::
