[2026-09-23T14:49:18.028+0000] {local_task_job_runner.py:123} INFO - ::group::Pre task execution logs
[2026-09-23T14:49:18.064+0000] {taskinstance.py:2614} INFO - Dependencies all met for dep_context=non-requeueable deps ti=<TaskInstance: dss150p_sales_pipeline.transform manual__2026-09-23T14:32:31+00:00 [queued]>
[2026-09-23T14:49:18.083+0000] {taskinstance.py:2614} INFO - Dependencies all met for dep_context=requeueable deps ti=<TaskInstance: dss150p_sales_pipeline.transform manual__2026-09-23T14:32:31+00:00 [queued]>
[2026-09-23T14:49:18.084+0000] {taskinstance.py:2867} INFO - Starting attempt 1 of 3
[2026-09-23T14:49:18.113+0000] {taskinstance.py:2890} INFO - Executing <Task(BashOperator): transform> on 2026-09-23 14:32:31+00:00
[2026-09-23T14:49:18.135+0000] {standard_task_runner.py:72} INFO - Started process 1333 to run task
[2026-09-23T14:49:18.142+0000] {standard_task_runner.py:104} INFO - Running: ['airflow', 'tasks', 'run', 'dss150p_sales_pipeline', 'transform', 'manual__2026-09-23T14:32:31+00:00', '--job-id', '37', '--raw', '--subdir', 'DAGS_FOLDER/dss150p_pipeline.py', '--cfg-path', '/tmp/tmp4jrt53qm']
[2026-09-23T14:49:18.145+0000] {standard_task_runner.py:105} INFO - Job 37: Subtask transform
[2026-09-23T14:49:18.247+0000] {task_command.py:467} INFO - Running <TaskInstance: dss150p_sales_pipeline.transform manual__2026-09-23T14:32:31+00:00 [running]> on host 4976f0549547
[2026-09-23T14:49:18.429+0000] {taskinstance.py:3134} INFO - Exporting env vars: AIRFLOW_CTX_DAG_OWNER='dss150p' AIRFLOW_CTX_DAG_ID='dss150p_sales_pipeline' AIRFLOW_CTX_TASK_ID='transform' AIRFLOW_CTX_EXECUTION_DATE='2026-09-23T14:32:31+00:00' AIRFLOW_CTX_TRY_NUMBER='1' AIRFLOW_CTX_DAG_RUN_ID='manual__2026-09-23T14:32:31+00:00'
[2026-09-23T14:49:18.430+0000] {taskinstance.py:732} INFO - ::endgroup::
[2026-09-23T14:49:18.464+0000] {subprocess.py:78} INFO - Tmp dir root location: /tmp
[2026-09-23T14:49:18.466+0000] {subprocess.py:88} INFO - Running command: ['/usr/bin/bash', '-c', 'cd /opt/airflow/project && PIPELINE_RUN_ID="manual__2026-09-23T14:32:31+00:00" python -m src.cli transform']
[2026-09-23T14:49:18.480+0000] {subprocess.py:99} INFO - Output:
[2026-09-23T14:49:20.593+0000] {subprocess.py:106} INFO - Starting transform phase. Run ID: manual_run
[2026-09-23T14:49:20.601+0000] {subprocess.py:106} INFO - Transforming data... Run ID: manual_run
[2026-09-23T14:49:20.733+0000] {subprocess.py:110} INFO - Command exited with return code 0
[2026-09-23T14:49:20.807+0000] {taskinstance.py:341} INFO - ::group::Post task execution logs
[2026-09-23T14:49:20.809+0000] {taskinstance.py:353} INFO - Marking task as SUCCESS. dag_id=dss150p_sales_pipeline, task_id=transform, run_id=manual__2026-09-23T14:32:31+00:00, execution_date=20260923T143231, start_date=20260923T144918, end_date=20260923T144920
[2026-09-23T14:49:20.922+0000] {local_task_job_runner.py:266} INFO - Task exited with return code 0
[2026-09-23T14:49:21.067+0000] {taskinstance.py:3901} INFO - 1 downstream tasks scheduled from follow-on schedule check
[2026-09-23T14:49:21.073+0000] {local_task_job_runner.py:245} INFO - ::endgroup::
