[2026-09-23T15:00:50.665+0000] {local_task_job_runner.py:123} INFO - ::group::Pre task execution logs
[2026-09-23T15:00:50.768+0000] {taskinstance.py:2614} INFO - Dependencies all met for dep_context=non-requeueable deps ti=<TaskInstance: dss150p_sales_pipeline.extract manual__2026-09-23T14:55:34+00:00 [queued]>
[2026-09-23T15:00:50.794+0000] {taskinstance.py:2614} INFO - Dependencies all met for dep_context=requeueable deps ti=<TaskInstance: dss150p_sales_pipeline.extract manual__2026-09-23T14:55:34+00:00 [queued]>
[2026-09-23T15:00:50.796+0000] {taskinstance.py:2867} INFO - Starting attempt 4 of 6
[2026-09-23T15:00:50.829+0000] {taskinstance.py:2890} INFO - Executing <Task(BashOperator): extract> on 2026-09-23 14:55:34+00:00
[2026-09-23T15:00:50.847+0000] {standard_task_runner.py:72} INFO - Started process 1619 to run task
[2026-09-23T15:00:50.853+0000] {standard_task_runner.py:104} INFO - Running: ['airflow', 'tasks', 'run', 'dss150p_sales_pipeline', 'extract', 'manual__2026-09-23T14:55:34+00:00', '--job-id', '55', '--raw', '--subdir', 'DAGS_FOLDER/dss150p_pipeline.py', '--cfg-path', '/tmp/tmp10ksc2yx']
[2026-09-23T15:00:50.862+0000] {standard_task_runner.py:105} INFO - Job 55: Subtask extract
[2026-09-23T15:00:51.689+0000] {task_command.py:467} INFO - Running <TaskInstance: dss150p_sales_pipeline.extract manual__2026-09-23T14:55:34+00:00 [running]> on host 4976f0549547
[2026-09-23T15:00:52.259+0000] {taskinstance.py:3134} INFO - Exporting env vars: AIRFLOW_CTX_DAG_OWNER='dss150p' AIRFLOW_CTX_DAG_ID='dss150p_sales_pipeline' AIRFLOW_CTX_TASK_ID='extract' AIRFLOW_CTX_EXECUTION_DATE='2026-09-23T14:55:34+00:00' AIRFLOW_CTX_TRY_NUMBER='4' AIRFLOW_CTX_DAG_RUN_ID='manual__2026-09-23T14:55:34+00:00'
[2026-09-23T15:00:52.310+0000] {taskinstance.py:732} INFO - ::endgroup::
[2026-09-23T15:00:52.503+0000] {subprocess.py:78} INFO - Tmp dir root location: /tmp
[2026-09-23T15:00:52.517+0000] {subprocess.py:88} INFO - Running command: ['/usr/bin/bash', '-c', 'cd /opt/airflow/project && PIPELINE_RUN_ID="manual__2026-09-23T14:55:34+00:00" python -m src.cli extract']
[2026-09-23T15:00:52.551+0000] {subprocess.py:99} INFO - Output:
[2026-09-23T15:00:56.408+0000] {subprocess.py:106} INFO - Starting extract phase. Run ID: manual_run
[2026-09-23T15:00:56.493+0000] {subprocess.py:106} INFO - Extracting data from source... Run ID: manual_run
[2026-09-23T15:00:56.633+0000] {subprocess.py:110} INFO - Command exited with return code 0
[2026-09-23T15:00:56.719+0000] {taskinstance.py:341} INFO - ::group::Post task execution logs
[2026-09-23T15:00:56.721+0000] {taskinstance.py:353} INFO - Marking task as SUCCESS. dag_id=dss150p_sales_pipeline, task_id=extract, run_id=manual__2026-09-23T14:55:34+00:00, execution_date=20260923T145534, start_date=20260923T150050, end_date=20260923T150056
[2026-09-23T15:00:56.826+0000] {local_task_job_runner.py:266} INFO - Task exited with return code 0
[2026-09-23T15:00:56.911+0000] {taskinstance.py:3901} INFO - 1 downstream tasks scheduled from follow-on schedule check
[2026-09-23T15:00:56.914+0000] {local_task_job_runner.py:245} INFO - ::endgroup::
