[2026-09-23T13:29:31.737+0000] {local_task_job_runner.py:123} INFO - ::group::Pre task execution logs
[2026-09-23T13:29:31.829+0000] {taskinstance.py:2614} INFO - Dependencies all met for dep_context=non-requeueable deps ti=<TaskInstance: dss150p_sales_pipeline.load scheduled__2026-09-22T02:00:00+00:00 [queued]>
[2026-09-23T13:29:31.859+0000] {taskinstance.py:2614} INFO - Dependencies all met for dep_context=requeueable deps ti=<TaskInstance: dss150p_sales_pipeline.load scheduled__2026-09-22T02:00:00+00:00 [queued]>
[2026-09-23T13:29:31.861+0000] {taskinstance.py:2867} INFO - Starting attempt 1 of 3
[2026-09-23T13:29:31.896+0000] {taskinstance.py:2890} INFO - Executing <Task(BashOperator): load> on 2026-09-22 02:00:00+00:00
[2026-09-23T13:29:31.907+0000] {standard_task_runner.py:72} INFO - Started process 244 to run task
[2026-09-23T13:29:31.914+0000] {standard_task_runner.py:104} INFO - Running: ['airflow', 'tasks', 'run', 'dss150p_sales_pipeline', 'load', 'scheduled__2026-09-22T02:00:00+00:00', '--job-id', '5', '--raw', '--subdir', 'DAGS_FOLDER/dss150p_pipeline.py', '--cfg-path', '/tmp/tmpbf8lbjbl']
[2026-09-23T13:29:31.919+0000] {standard_task_runner.py:105} INFO - Job 5: Subtask load
[2026-09-23T13:29:32.218+0000] {task_command.py:467} INFO - Running <TaskInstance: dss150p_sales_pipeline.load scheduled__2026-09-22T02:00:00+00:00 [running]> on host 4976f0549547
[2026-09-23T13:29:33.168+0000] {taskinstance.py:3134} INFO - Exporting env vars: AIRFLOW_CTX_DAG_OWNER='dss150p' AIRFLOW_CTX_DAG_ID='dss150p_sales_pipeline' AIRFLOW_CTX_TASK_ID='load' AIRFLOW_CTX_EXECUTION_DATE='2026-09-22T02:00:00+00:00' AIRFLOW_CTX_TRY_NUMBER='1' AIRFLOW_CTX_DAG_RUN_ID='scheduled__2026-09-22T02:00:00+00:00'
[2026-09-23T13:29:33.174+0000] {taskinstance.py:732} INFO - ::endgroup::
[2026-09-23T13:29:33.581+0000] {subprocess.py:78} INFO - Tmp dir root location: /tmp
[2026-09-23T13:29:33.583+0000] {subprocess.py:88} INFO - Running command: ['/usr/bin/bash', '-c', 'cd /opt/airflow/project && PIPELINE_RUN_ID="scheduled__2026-09-22T02:00:00+00:00" python -m src.cli load']
[2026-09-23T13:29:33.608+0000] {subprocess.py:99} INFO - Output:
[2026-09-23T13:30:07.124+0000] {subprocess.py:106} INFO - upserted_rows=49897
[2026-09-23T13:30:07.589+0000] {subprocess.py:110} INFO - Command exited with return code 0
[2026-09-23T13:30:07.761+0000] {taskinstance.py:341} INFO - ::group::Post task execution logs
[2026-09-23T13:30:07.764+0000] {taskinstance.py:353} INFO - Marking task as SUCCESS. dag_id=dss150p_sales_pipeline, task_id=load, run_id=scheduled__2026-09-22T02:00:00+00:00, execution_date=20260922T020000, start_date=20260923T132931, end_date=20260923T133007
[2026-09-23T13:30:07.904+0000] {local_task_job_runner.py:266} INFO - Task exited with return code 0
[2026-09-23T13:30:08.054+0000] {taskinstance.py:3901} INFO - 1 downstream tasks scheduled from follow-on schedule check
[2026-09-23T13:30:08.058+0000] {local_task_job_runner.py:245} INFO - ::endgroup::
