[2026-09-23T13:38:33.121+0000] {local_task_job_runner.py:123} INFO - ::group::Pre task execution logs
[2026-09-23T13:38:33.195+0000] {taskinstance.py:2614} INFO - Dependencies all met for dep_context=non-requeueable deps ti=<TaskInstance: dss150p_sales_pipeline.extract manual__2026-09-23T13:34:04+00:00 [queued]>
[2026-09-23T13:38:33.248+0000] {taskinstance.py:2614} INFO - Dependencies all met for dep_context=requeueable deps ti=<TaskInstance: dss150p_sales_pipeline.extract manual__2026-09-23T13:34:04+00:00 [queued]>
[2026-09-23T13:38:33.252+0000] {taskinstance.py:2867} INFO - Starting attempt 1 of 3
[2026-09-23T13:38:33.333+0000] {taskinstance.py:2890} INFO - Executing <Task(BashOperator): extract> on 2026-09-23 13:34:04+00:00
[2026-09-23T13:38:33.353+0000] {standard_task_runner.py:72} INFO - Started process 440 to run task
[2026-09-23T13:38:33.359+0000] {standard_task_runner.py:104} INFO - Running: ['airflow', 'tasks', 'run', 'dss150p_sales_pipeline', 'extract', 'manual__2026-09-23T13:34:04+00:00', '--job-id', '15', '--raw', '--subdir', 'DAGS_FOLDER/dss150p_pipeline.py', '--cfg-path', '/tmp/tmpljkauig5']
[2026-09-23T13:38:33.365+0000] {standard_task_runner.py:105} INFO - Job 15: Subtask extract
[2026-09-23T13:38:33.714+0000] {task_command.py:467} INFO - Running <TaskInstance: dss150p_sales_pipeline.extract manual__2026-09-23T13:34:04+00:00 [running]> on host 4976f0549547
[2026-09-23T13:38:34.557+0000] {taskinstance.py:3134} INFO - Exporting env vars: AIRFLOW_CTX_DAG_OWNER='dss150p' AIRFLOW_CTX_DAG_ID='dss150p_sales_pipeline' AIRFLOW_CTX_TASK_ID='extract' AIRFLOW_CTX_EXECUTION_DATE='2026-09-23T13:34:04+00:00' AIRFLOW_CTX_TRY_NUMBER='1' AIRFLOW_CTX_DAG_RUN_ID='manual__2026-09-23T13:34:04+00:00'
[2026-09-23T13:38:34.565+0000] {taskinstance.py:732} INFO - ::endgroup::
[2026-09-23T13:38:34.630+0000] {subprocess.py:78} INFO - Tmp dir root location: /tmp
[2026-09-23T13:38:34.650+0000] {subprocess.py:88} INFO - Running command: ['/usr/bin/bash', '-c', 'cd /opt/airflow/project && PIPELINE_RUN_ID="manual__2026-09-23T13:34:04+00:00" python -m src.cli extract']
[2026-09-23T13:38:34.704+0000] {subprocess.py:99} INFO - Output:
[2026-09-23T13:38:47.195+0000] {subprocess.py:106} INFO - run_id=manual__2026-09-23T13:34:04+00:00
[2026-09-23T13:38:47.234+0000] {subprocess.py:106} INFO - raw_dir=/opt/airflow/project/data/raw/run_id=manual__2026-09-23T13:34:04+00:00
[2026-09-23T13:38:49.891+0000] {subprocess.py:110} INFO - Command exited with return code 0
[2026-09-23T13:38:50.141+0000] {taskinstance.py:341} INFO - ::group::Post task execution logs
[2026-09-23T13:38:50.145+0000] {taskinstance.py:353} INFO - Marking task as SUCCESS. dag_id=dss150p_sales_pipeline, task_id=extract, run_id=manual__2026-09-23T13:34:04+00:00, execution_date=20260923T133404, start_date=20260923T133833, end_date=20260923T133850
[2026-09-23T13:38:50.315+0000] {local_task_job_runner.py:266} INFO - Task exited with return code 0
[2026-09-23T13:38:50.831+0000] {taskinstance.py:3901} INFO - 1 downstream tasks scheduled from follow-on schedule check
[2026-09-23T13:38:50.837+0000] {local_task_job_runner.py:245} INFO - ::endgroup::
