[2026-09-23T13:32:58.013+0000] {local_task_job_runner.py:123} INFO - ::group::Pre task execution logs
[2026-09-23T13:32:58.116+0000] {taskinstance.py:2614} INFO - Dependencies all met for dep_context=non-requeueable deps ti=<TaskInstance: dss150p_sales_pipeline.load manual__2026-09-23T13:31:06+00:00 [queued]>
[2026-09-23T13:32:58.158+0000] {taskinstance.py:2614} INFO - Dependencies all met for dep_context=requeueable deps ti=<TaskInstance: dss150p_sales_pipeline.load manual__2026-09-23T13:31:06+00:00 [queued]>
[2026-09-23T13:32:58.160+0000] {taskinstance.py:2867} INFO - Starting attempt 1 of 3
[2026-09-23T13:32:58.255+0000] {taskinstance.py:2890} INFO - Executing <Task(BashOperator): load> on 2026-09-23 13:31:06+00:00
[2026-09-23T13:32:58.283+0000] {standard_task_runner.py:104} INFO - Running: ['airflow', 'tasks', 'run', 'dss150p_sales_pipeline', 'load', 'manual__2026-09-23T13:31:06+00:00', '--job-id', '11', '--raw', '--subdir', 'DAGS_FOLDER/dss150p_pipeline.py', '--cfg-path', '/tmp/tmp80rh8b29']
[2026-09-23T13:32:58.271+0000] {standard_task_runner.py:72} INFO - Started process 345 to run task
[2026-09-23T13:32:58.306+0000] {standard_task_runner.py:105} INFO - Job 11: Subtask load
[2026-09-23T13:32:58.926+0000] {task_command.py:467} INFO - Running <TaskInstance: dss150p_sales_pipeline.load manual__2026-09-23T13:31:06+00:00 [running]> on host 4976f0549547
[2026-09-23T13:32:59.337+0000] {taskinstance.py:3134} INFO - Exporting env vars: AIRFLOW_CTX_DAG_OWNER='dss150p' AIRFLOW_CTX_DAG_ID='dss150p_sales_pipeline' AIRFLOW_CTX_TASK_ID='load' AIRFLOW_CTX_EXECUTION_DATE='2026-09-23T13:31:06+00:00' AIRFLOW_CTX_TRY_NUMBER='1' AIRFLOW_CTX_DAG_RUN_ID='manual__2026-09-23T13:31:06+00:00'
[2026-09-23T13:32:59.340+0000] {taskinstance.py:732} INFO - ::endgroup::
[2026-09-23T13:32:59.391+0000] {subprocess.py:78} INFO - Tmp dir root location: /tmp
[2026-09-23T13:32:59.394+0000] {subprocess.py:88} INFO - Running command: ['/usr/bin/bash', '-c', 'cd /opt/airflow/project && PIPELINE_RUN_ID="manual__2026-09-23T13:31:06+00:00" python -m src.cli load']
[2026-09-23T13:32:59.426+0000] {subprocess.py:99} INFO - Output:
[2026-09-23T13:33:15.910+0000] {subprocess.py:106} INFO - upserted_rows=49897
[2026-09-23T13:33:16.623+0000] {subprocess.py:110} INFO - Command exited with return code 0
[2026-09-23T13:33:16.957+0000] {taskinstance.py:341} INFO - ::group::Post task execution logs
[2026-09-23T13:33:16.958+0000] {taskinstance.py:353} INFO - Marking task as SUCCESS. dag_id=dss150p_sales_pipeline, task_id=load, run_id=manual__2026-09-23T13:31:06+00:00, execution_date=20260923T133106, start_date=20260923T133258, end_date=20260923T133316
[2026-09-23T13:33:17.139+0000] {local_task_job_runner.py:266} INFO - Task exited with return code 0
[2026-09-23T13:33:17.265+0000] {taskinstance.py:3901} INFO - 1 downstream tasks scheduled from follow-on schedule check
[2026-09-23T13:33:17.272+0000] {local_task_job_runner.py:245} INFO - ::endgroup::
