[2026-09-23T14:50:19.780+0000] {local_task_job_runner.py:123} INFO - ::group::Pre task execution logs
[2026-09-23T14:50:19.880+0000] {taskinstance.py:2614} INFO - Dependencies all met for dep_context=non-requeueable deps ti=<TaskInstance: dss150p_sales_pipeline.load manual__2026-09-23T14:35:25+00:00 [queued]>
[2026-09-23T14:50:19.957+0000] {taskinstance.py:2614} INFO - Dependencies all met for dep_context=requeueable deps ti=<TaskInstance: dss150p_sales_pipeline.load manual__2026-09-23T14:35:25+00:00 [queued]>
[2026-09-23T14:50:19.961+0000] {taskinstance.py:2867} INFO - Starting attempt 1 of 3
[2026-09-23T14:50:20.020+0000] {taskinstance.py:2890} INFO - Executing <Task(BashOperator): load> on 2026-09-23 14:35:25+00:00
[2026-09-23T14:50:20.033+0000] {standard_task_runner.py:72} INFO - Started process 1458 to run task
[2026-09-23T14:50:20.048+0000] {standard_task_runner.py:104} INFO - Running: ['airflow', 'tasks', 'run', 'dss150p_sales_pipeline', 'load', 'manual__2026-09-23T14:35:25+00:00', '--job-id', '49', '--raw', '--subdir', 'DAGS_FOLDER/dss150p_pipeline.py', '--cfg-path', '/tmp/tmpaxt60z5b']
[2026-09-23T14:50:20.062+0000] {standard_task_runner.py:105} INFO - Job 49: Subtask load
[2026-09-23T14:50:20.332+0000] {task_command.py:467} INFO - Running <TaskInstance: dss150p_sales_pipeline.load manual__2026-09-23T14:35:25+00:00 [running]> on host 4976f0549547
[2026-09-23T14:50:20.575+0000] {taskinstance.py:3134} INFO - Exporting env vars: AIRFLOW_CTX_DAG_OWNER='dss150p' AIRFLOW_CTX_DAG_ID='dss150p_sales_pipeline' AIRFLOW_CTX_TASK_ID='load' AIRFLOW_CTX_EXECUTION_DATE='2026-09-23T14:35:25+00:00' AIRFLOW_CTX_TRY_NUMBER='1' AIRFLOW_CTX_DAG_RUN_ID='manual__2026-09-23T14:35:25+00:00'
[2026-09-23T14:50:20.576+0000] {taskinstance.py:732} INFO - ::endgroup::
[2026-09-23T14:50:20.607+0000] {subprocess.py:78} INFO - Tmp dir root location: /tmp
[2026-09-23T14:50:20.609+0000] {subprocess.py:88} INFO - Running command: ['/usr/bin/bash', '-c', 'cd /opt/airflow/project && PIPELINE_RUN_ID="manual__2026-09-23T14:35:25+00:00" python -m src.cli load']
[2026-09-23T14:50:20.621+0000] {subprocess.py:99} INFO - Output:
[2026-09-23T14:50:22.089+0000] {subprocess.py:106} INFO - Starting load phase...
[2026-09-23T14:50:22.092+0000] {subprocess.py:106} INFO - Loading curated data into PostgreSQL...
[2026-09-23T14:50:22.207+0000] {subprocess.py:110} INFO - Command exited with return code 0
[2026-09-23T14:50:22.260+0000] {taskinstance.py:341} INFO - ::group::Post task execution logs
[2026-09-23T14:50:22.261+0000] {taskinstance.py:353} INFO - Marking task as SUCCESS. dag_id=dss150p_sales_pipeline, task_id=load, run_id=manual__2026-09-23T14:35:25+00:00, execution_date=20260923T143525, start_date=20260923T145019, end_date=20260923T145022
[2026-09-23T14:50:22.389+0000] {local_task_job_runner.py:266} INFO - Task exited with return code 0
[2026-09-23T14:50:22.615+0000] {taskinstance.py:3901} INFO - 1 downstream tasks scheduled from follow-on schedule check
[2026-09-23T14:50:22.627+0000] {local_task_job_runner.py:245} INFO - ::endgroup::
