[2026-09-23T13:39:15.418+0000] {local_task_job_runner.py:123} INFO - ::group::Pre task execution logs
[2026-09-23T13:39:15.524+0000] {taskinstance.py:2614} INFO - Dependencies all met for dep_context=non-requeueable deps ti=<TaskInstance: dss150p_sales_pipeline.load manual__2026-09-23T13:34:04+00:00 [queued]>
[2026-09-23T13:39:15.558+0000] {taskinstance.py:2614} INFO - Dependencies all met for dep_context=requeueable deps ti=<TaskInstance: dss150p_sales_pipeline.load manual__2026-09-23T13:34:04+00:00 [queued]>
[2026-09-23T13:39:15.562+0000] {taskinstance.py:2867} INFO - Starting attempt 1 of 3
[2026-09-23T13:39:15.611+0000] {taskinstance.py:2890} INFO - Executing <Task(BashOperator): load> on 2026-09-23 13:34:04+00:00
[2026-09-23T13:39:15.651+0000] {standard_task_runner.py:72} INFO - Started process 476 to run task
[2026-09-23T13:39:15.664+0000] {standard_task_runner.py:104} INFO - Running: ['airflow', 'tasks', 'run', 'dss150p_sales_pipeline', 'load', 'manual__2026-09-23T13:34:04+00:00', '--job-id', '17', '--raw', '--subdir', 'DAGS_FOLDER/dss150p_pipeline.py', '--cfg-path', '/tmp/tmpqwml2sgm']
[2026-09-23T13:39:15.676+0000] {standard_task_runner.py:105} INFO - Job 17: Subtask load
[2026-09-23T13:39:15.899+0000] {task_command.py:467} INFO - Running <TaskInstance: dss150p_sales_pipeline.load manual__2026-09-23T13:34:04+00:00 [running]> on host 4976f0549547
[2026-09-23T13:39:16.759+0000] {taskinstance.py:3134} INFO - Exporting env vars: AIRFLOW_CTX_DAG_OWNER='dss150p' AIRFLOW_CTX_DAG_ID='dss150p_sales_pipeline' AIRFLOW_CTX_TASK_ID='load' AIRFLOW_CTX_EXECUTION_DATE='2026-09-23T13:34:04+00:00' AIRFLOW_CTX_TRY_NUMBER='1' AIRFLOW_CTX_DAG_RUN_ID='manual__2026-09-23T13:34:04+00:00'
[2026-09-23T13:39:16.770+0000] {taskinstance.py:732} INFO - ::endgroup::
[2026-09-23T13:39:16.963+0000] {subprocess.py:78} INFO - Tmp dir root location: /tmp
[2026-09-23T13:39:16.966+0000] {subprocess.py:88} INFO - Running command: ['/usr/bin/bash', '-c', 'cd /opt/airflow/project && PIPELINE_RUN_ID="manual__2026-09-23T13:34:04+00:00" python -m src.cli load']
[2026-09-23T13:39:17.005+0000] {subprocess.py:99} INFO - Output:
[2026-09-23T13:40:02.370+0000] {job.py:229} INFO - Heartbeat recovered after 13.94 seconds
[2026-09-23T13:40:10.900+0000] {subprocess.py:106} INFO - upserted_rows=49897
[2026-09-23T13:40:12.064+0000] {subprocess.py:110} INFO - Command exited with return code 0
[2026-09-23T13:40:12.376+0000] {taskinstance.py:341} INFO - ::group::Post task execution logs
[2026-09-23T13:40:12.379+0000] {taskinstance.py:353} INFO - Marking task as SUCCESS. dag_id=dss150p_sales_pipeline, task_id=load, run_id=manual__2026-09-23T13:34:04+00:00, execution_date=20260923T133404, start_date=20260923T133915, end_date=20260923T134012
[2026-09-23T13:40:12.573+0000] {local_task_job_runner.py:266} INFO - Task exited with return code 0
[2026-09-23T13:40:12.688+0000] {taskinstance.py:3901} INFO - 0 downstream tasks scheduled from follow-on schedule check
[2026-09-23T13:40:12.693+0000] {local_task_job_runner.py:245} INFO - ::endgroup::
