[2026-09-24T16:18:24.871+0000] {processor.py:186} INFO - Started process (PID=171) to work on /opt/airflow/dags/dss150p_pipeline.py
[2026-09-24T16:18:24.874+0000] {processor.py:914} INFO - Processing file /opt/airflow/dags/dss150p_pipeline.py for tasks to queue
[2026-09-24T16:18:24.879+0000] {logging_mixin.py:190} INFO - [2026-09-24T16:18:24.878+0000] {dagbag.py:588} INFO - Filling up the DagBag from /opt/airflow/dags/dss150p_pipeline.py
[2026-09-24T16:18:24.975+0000] {processor.py:925} INFO - DAG(s) 'dss150p_sales_pipeline' retrieved from /opt/airflow/dags/dss150p_pipeline.py
[2026-09-24T16:18:29.513+0000] {logging_mixin.py:190} INFO - [2026-09-24T16:18:29.512+0000] {dag.py:3239} INFO - Sync 1 DAGs
[2026-09-24T16:18:29.644+0000] {logging_mixin.py:190} INFO - [2026-09-24T16:18:29.644+0000] {dag.py:4180} INFO - Setting next_dagrun for dss150p_sales_pipeline to 2026-09-24 02:00:00+00:00, run_after=2026-09-25 02:00:00+00:00
[2026-09-24T16:18:29.748+0000] {processor.py:208} INFO - Processing /opt/airflow/dags/dss150p_pipeline.py took 4.894 seconds
[2026-09-24T16:19:00.323+0000] {processor.py:186} INFO - Started process (PID=209) to work on /opt/airflow/dags/dss150p_pipeline.py
[2026-09-24T16:19:00.332+0000] {processor.py:914} INFO - Processing file /opt/airflow/dags/dss150p_pipeline.py for tasks to queue
[2026-09-24T16:19:00.361+0000] {logging_mixin.py:190} INFO - [2026-09-24T16:19:00.359+0000] {dagbag.py:588} INFO - Filling up the DagBag from /opt/airflow/dags/dss150p_pipeline.py
[2026-09-24T16:19:00.517+0000] {processor.py:925} INFO - DAG(s) 'dss150p_sales_pipeline' retrieved from /opt/airflow/dags/dss150p_pipeline.py
[2026-09-24T16:19:01.018+0000] {logging_mixin.py:190} INFO - [2026-09-24T16:19:01.018+0000] {dag.py:3239} INFO - Sync 1 DAGs
[2026-09-24T16:19:01.241+0000] {logging_mixin.py:190} INFO - [2026-09-24T16:19:01.240+0000] {dag.py:4180} INFO - Setting next_dagrun for dss150p_sales_pipeline to 2026-09-24 02:00:00+00:00, run_after=2026-09-25 02:00:00+00:00
[2026-09-24T16:19:01.302+0000] {processor.py:208} INFO - Processing /opt/airflow/dags/dss150p_pipeline.py took 1.105 seconds
[2026-09-24T16:19:32.166+0000] {processor.py:186} INFO - Started process (PID=262) to work on /opt/airflow/dags/dss150p_pipeline.py
[2026-09-24T16:19:32.172+0000] {processor.py:914} INFO - Processing file /opt/airflow/dags/dss150p_pipeline.py for tasks to queue
[2026-09-24T16:19:32.233+0000] {logging_mixin.py:190} INFO - [2026-09-24T16:19:32.224+0000] {dagbag.py:588} INFO - Filling up the DagBag from /opt/airflow/dags/dss150p_pipeline.py
[2026-09-24T16:19:32.497+0000] {processor.py:925} INFO - DAG(s) 'dss150p_sales_pipeline' retrieved from /opt/airflow/dags/dss150p_pipeline.py
[2026-09-24T16:19:33.095+0000] {logging_mixin.py:190} INFO - [2026-09-24T16:19:33.094+0000] {dag.py:3239} INFO - Sync 1 DAGs
[2026-09-24T16:19:33.226+0000] {logging_mixin.py:190} INFO - [2026-09-24T16:19:33.226+0000] {dag.py:4180} INFO - Setting next_dagrun for dss150p_sales_pipeline to 2026-09-24 02:00:00+00:00, run_after=2026-09-25 02:00:00+00:00
[2026-09-24T16:19:33.269+0000] {processor.py:208} INFO - Processing /opt/airflow/dags/dss150p_pipeline.py took 1.485 seconds
[2026-09-24T16:20:04.649+0000] {processor.py:186} INFO - Started process (PID=267) to work on /opt/airflow/dags/dss150p_pipeline.py
[2026-09-24T16:20:04.665+0000] {processor.py:914} INFO - Processing file /opt/airflow/dags/dss150p_pipeline.py for tasks to queue
[2026-09-24T16:20:04.772+0000] {logging_mixin.py:190} INFO - [2026-09-24T16:20:04.767+0000] {dagbag.py:588} INFO - Filling up the DagBag from /opt/airflow/dags/dss150p_pipeline.py
[2026-09-24T16:20:05.018+0000] {processor.py:925} INFO - DAG(s) 'dss150p_sales_pipeline' retrieved from /opt/airflow/dags/dss150p_pipeline.py
[2026-09-24T16:20:05.355+0000] {logging_mixin.py:190} INFO - [2026-09-24T16:20:05.355+0000] {dag.py:3239} INFO - Sync 1 DAGs
[2026-09-24T16:20:05.551+0000] {logging_mixin.py:190} INFO - [2026-09-24T16:20:05.550+0000] {dag.py:4180} INFO - Setting next_dagrun for dss150p_sales_pipeline to 2026-09-24 02:00:00+00:00, run_after=2026-09-25 02:00:00+00:00
[2026-09-24T16:20:05.608+0000] {processor.py:208} INFO - Processing /opt/airflow/dags/dss150p_pipeline.py took 1.230 seconds
[2026-09-24T16:20:36.365+0000] {processor.py:186} INFO - Started process (PID=272) to work on /opt/airflow/dags/dss150p_pipeline.py
[2026-09-24T16:20:36.375+0000] {processor.py:914} INFO - Processing file /opt/airflow/dags/dss150p_pipeline.py for tasks to queue
[2026-09-24T16:20:36.403+0000] {logging_mixin.py:190} INFO - [2026-09-24T16:20:36.394+0000] {dagbag.py:588} INFO - Filling up the DagBag from /opt/airflow/dags/dss150p_pipeline.py
[2026-09-24T16:20:36.545+0000] {processor.py:925} INFO - DAG(s) 'dss150p_sales_pipeline' retrieved from /opt/airflow/dags/dss150p_pipeline.py
[2026-09-24T16:20:36.781+0000] {logging_mixin.py:190} INFO - [2026-09-24T16:20:36.780+0000] {dag.py:3239} INFO - Sync 1 DAGs
[2026-09-24T16:20:36.877+0000] {logging_mixin.py:190} INFO - [2026-09-24T16:20:36.877+0000] {dag.py:4180} INFO - Setting next_dagrun for dss150p_sales_pipeline to 2026-09-24 02:00:00+00:00, run_after=2026-09-25 02:00:00+00:00
[2026-09-24T16:20:36.948+0000] {processor.py:208} INFO - Processing /opt/airflow/dags/dss150p_pipeline.py took 0.609 seconds
[2026-09-24T16:21:07.424+0000] {processor.py:186} INFO - Started process (PID=277) to work on /opt/airflow/dags/dss150p_pipeline.py
[2026-09-24T16:21:07.427+0000] {processor.py:914} INFO - Processing file /opt/airflow/dags/dss150p_pipeline.py for tasks to queue
[2026-09-24T16:21:07.431+0000] {logging_mixin.py:190} INFO - [2026-09-24T16:21:07.431+0000] {dagbag.py:588} INFO - Filling up the DagBag from /opt/airflow/dags/dss150p_pipeline.py
[2026-09-24T16:21:07.467+0000] {processor.py:925} INFO - DAG(s) 'dss150p_sales_pipeline' retrieved from /opt/airflow/dags/dss150p_pipeline.py
[2026-09-24T16:21:07.548+0000] {logging_mixin.py:190} INFO - [2026-09-24T16:21:07.547+0000] {dag.py:3239} INFO - Sync 1 DAGs
[2026-09-24T16:21:07.589+0000] {logging_mixin.py:190} INFO - [2026-09-24T16:21:07.588+0000] {dag.py:4180} INFO - Setting next_dagrun for dss150p_sales_pipeline to 2026-09-24 02:00:00+00:00, run_after=2026-09-25 02:00:00+00:00
[2026-09-24T16:21:07.619+0000] {processor.py:208} INFO - Processing /opt/airflow/dags/dss150p_pipeline.py took 0.213 seconds
[2026-09-24T16:21:38.947+0000] {processor.py:186} INFO - Started process (PID=282) to work on /opt/airflow/dags/dss150p_pipeline.py
[2026-09-24T16:21:38.959+0000] {processor.py:914} INFO - Processing file /opt/airflow/dags/dss150p_pipeline.py for tasks to queue
[2026-09-24T16:21:38.968+0000] {logging_mixin.py:190} INFO - [2026-09-24T16:21:38.966+0000] {dagbag.py:588} INFO - Filling up the DagBag from /opt/airflow/dags/dss150p_pipeline.py
[2026-09-24T16:21:39.033+0000] {processor.py:925} INFO - DAG(s) 'dss150p_sales_pipeline' retrieved from /opt/airflow/dags/dss150p_pipeline.py
[2026-09-24T16:21:39.184+0000] {logging_mixin.py:190} INFO - [2026-09-24T16:21:39.183+0000] {dag.py:3239} INFO - Sync 1 DAGs
[2026-09-24T16:21:39.240+0000] {logging_mixin.py:190} INFO - [2026-09-24T16:21:39.240+0000] {dag.py:4180} INFO - Setting next_dagrun for dss150p_sales_pipeline to 2026-09-24 02:00:00+00:00, run_after=2026-09-25 02:00:00+00:00
[2026-09-24T16:21:39.289+0000] {processor.py:208} INFO - Processing /opt/airflow/dags/dss150p_pipeline.py took 0.450 seconds
[2026-09-24T16:22:09.655+0000] {processor.py:186} INFO - Started process (PID=287) to work on /opt/airflow/dags/dss150p_pipeline.py
[2026-09-24T16:22:09.657+0000] {processor.py:914} INFO - Processing file /opt/airflow/dags/dss150p_pipeline.py for tasks to queue
[2026-09-24T16:22:09.659+0000] {logging_mixin.py:190} INFO - [2026-09-24T16:22:09.659+0000] {dagbag.py:588} INFO - Filling up the DagBag from /opt/airflow/dags/dss150p_pipeline.py
[2026-09-24T16:22:09.678+0000] {processor.py:925} INFO - DAG(s) 'dss150p_sales_pipeline' retrieved from /opt/airflow/dags/dss150p_pipeline.py
[2026-09-24T16:22:09.766+0000] {logging_mixin.py:190} INFO - [2026-09-24T16:22:09.766+0000] {dag.py:3239} INFO - Sync 1 DAGs
[2026-09-24T16:22:09.813+0000] {logging_mixin.py:190} INFO - [2026-09-24T16:22:09.812+0000] {dag.py:4180} INFO - Setting next_dagrun for dss150p_sales_pipeline to 2026-09-24 02:00:00+00:00, run_after=2026-09-25 02:00:00+00:00
[2026-09-24T16:22:09.854+0000] {processor.py:208} INFO - Processing /opt/airflow/dags/dss150p_pipeline.py took 0.208 seconds
[2026-09-24T16:22:40.852+0000] {processor.py:186} INFO - Started process (PID=292) to work on /opt/airflow/dags/dss150p_pipeline.py
[2026-09-24T16:22:40.854+0000] {processor.py:914} INFO - Processing file /opt/airflow/dags/dss150p_pipeline.py for tasks to queue
[2026-09-24T16:22:40.857+0000] {logging_mixin.py:190} INFO - [2026-09-24T16:22:40.857+0000] {dagbag.py:588} INFO - Filling up the DagBag from /opt/airflow/dags/dss150p_pipeline.py
[2026-09-24T16:22:40.882+0000] {processor.py:925} INFO - DAG(s) 'dss150p_sales_pipeline' retrieved from /opt/airflow/dags/dss150p_pipeline.py
[2026-09-24T16:22:40.948+0000] {logging_mixin.py:190} INFO - [2026-09-24T16:22:40.948+0000] {dag.py:3239} INFO - Sync 1 DAGs
[2026-09-24T16:22:40.980+0000] {logging_mixin.py:190} INFO - [2026-09-24T16:22:40.980+0000] {dag.py:4180} INFO - Setting next_dagrun for dss150p_sales_pipeline to 2026-09-24 02:00:00+00:00, run_after=2026-09-25 02:00:00+00:00
[2026-09-24T16:22:41.015+0000] {processor.py:208} INFO - Processing /opt/airflow/dags/dss150p_pipeline.py took 0.172 seconds
[2026-09-24T16:23:11.399+0000] {processor.py:186} INFO - Started process (PID=297) to work on /opt/airflow/dags/dss150p_pipeline.py
[2026-09-24T16:23:11.400+0000] {processor.py:914} INFO - Processing file /opt/airflow/dags/dss150p_pipeline.py for tasks to queue
[2026-09-24T16:23:11.403+0000] {logging_mixin.py:190} INFO - [2026-09-24T16:23:11.403+0000] {dagbag.py:588} INFO - Filling up the DagBag from /opt/airflow/dags/dss150p_pipeline.py
[2026-09-24T16:23:11.423+0000] {processor.py:925} INFO - DAG(s) 'dss150p_sales_pipeline' retrieved from /opt/airflow/dags/dss150p_pipeline.py
[2026-09-24T16:23:11.472+0000] {logging_mixin.py:190} INFO - [2026-09-24T16:23:11.472+0000] {dag.py:3239} INFO - Sync 1 DAGs
[2026-09-24T16:23:11.504+0000] {logging_mixin.py:190} INFO - [2026-09-24T16:23:11.504+0000] {dag.py:4180} INFO - Setting next_dagrun for dss150p_sales_pipeline to 2026-09-24 02:00:00+00:00, run_after=2026-09-25 02:00:00+00:00
[2026-09-24T16:23:11.529+0000] {processor.py:208} INFO - Processing /opt/airflow/dags/dss150p_pipeline.py took 0.141 seconds
[2026-09-24T16:23:41.980+0000] {processor.py:186} INFO - Started process (PID=302) to work on /opt/airflow/dags/dss150p_pipeline.py
[2026-09-24T16:23:41.981+0000] {processor.py:914} INFO - Processing file /opt/airflow/dags/dss150p_pipeline.py for tasks to queue
[2026-09-24T16:23:41.988+0000] {logging_mixin.py:190} INFO - [2026-09-24T16:23:41.986+0000] {dagbag.py:588} INFO - Filling up the DagBag from /opt/airflow/dags/dss150p_pipeline.py
[2026-09-24T16:23:42.019+0000] {processor.py:925} INFO - DAG(s) 'dss150p_sales_pipeline' retrieved from /opt/airflow/dags/dss150p_pipeline.py
[2026-09-24T16:23:42.089+0000] {logging_mixin.py:190} INFO - [2026-09-24T16:23:42.089+0000] {dag.py:3239} INFO - Sync 1 DAGs
[2026-09-24T16:23:42.120+0000] {logging_mixin.py:190} INFO - [2026-09-24T16:23:42.120+0000] {dag.py:4180} INFO - Setting next_dagrun for dss150p_sales_pipeline to 2026-09-24 02:00:00+00:00, run_after=2026-09-25 02:00:00+00:00
[2026-09-24T16:23:42.144+0000] {processor.py:208} INFO - Processing /opt/airflow/dags/dss150p_pipeline.py took 0.182 seconds
[2026-09-24T16:24:12.631+0000] {processor.py:186} INFO - Started process (PID=307) to work on /opt/airflow/dags/dss150p_pipeline.py
[2026-09-24T16:24:12.633+0000] {processor.py:914} INFO - Processing file /opt/airflow/dags/dss150p_pipeline.py for tasks to queue
[2026-09-24T16:24:12.637+0000] {logging_mixin.py:190} INFO - [2026-09-24T16:24:12.637+0000] {dagbag.py:588} INFO - Filling up the DagBag from /opt/airflow/dags/dss150p_pipeline.py
[2026-09-24T16:24:12.666+0000] {processor.py:925} INFO - DAG(s) 'dss150p_sales_pipeline' retrieved from /opt/airflow/dags/dss150p_pipeline.py
[2026-09-24T16:24:12.738+0000] {logging_mixin.py:190} INFO - [2026-09-24T16:24:12.738+0000] {dag.py:3239} INFO - Sync 1 DAGs
[2026-09-24T16:24:12.781+0000] {logging_mixin.py:190} INFO - [2026-09-24T16:24:12.780+0000] {dag.py:4180} INFO - Setting next_dagrun for dss150p_sales_pipeline to 2026-09-24 02:00:00+00:00, run_after=2026-09-25 02:00:00+00:00
[2026-09-24T16:24:12.805+0000] {processor.py:208} INFO - Processing /opt/airflow/dags/dss150p_pipeline.py took 0.185 seconds
[2026-09-24T16:24:43.089+0000] {processor.py:186} INFO - Started process (PID=312) to work on /opt/airflow/dags/dss150p_pipeline.py
[2026-09-24T16:24:43.091+0000] {processor.py:914} INFO - Processing file /opt/airflow/dags/dss150p_pipeline.py for tasks to queue
[2026-09-24T16:24:43.099+0000] {logging_mixin.py:190} INFO - [2026-09-24T16:24:43.098+0000] {dagbag.py:588} INFO - Filling up the DagBag from /opt/airflow/dags/dss150p_pipeline.py
[2026-09-24T16:24:43.132+0000] {processor.py:925} INFO - DAG(s) 'dss150p_sales_pipeline' retrieved from /opt/airflow/dags/dss150p_pipeline.py
[2026-09-24T16:24:43.199+0000] {logging_mixin.py:190} INFO - [2026-09-24T16:24:43.199+0000] {dag.py:3239} INFO - Sync 1 DAGs
[2026-09-24T16:24:43.232+0000] {logging_mixin.py:190} INFO - [2026-09-24T16:24:43.232+0000] {dag.py:4180} INFO - Setting next_dagrun for dss150p_sales_pipeline to 2026-09-24 02:00:00+00:00, run_after=2026-09-25 02:00:00+00:00
[2026-09-24T16:24:43.255+0000] {processor.py:208} INFO - Processing /opt/airflow/dags/dss150p_pipeline.py took 0.183 seconds
[2026-09-24T16:25:13.885+0000] {processor.py:186} INFO - Started process (PID=317) to work on /opt/airflow/dags/dss150p_pipeline.py
[2026-09-24T16:25:13.886+0000] {processor.py:914} INFO - Processing file /opt/airflow/dags/dss150p_pipeline.py for tasks to queue
[2026-09-24T16:25:13.890+0000] {logging_mixin.py:190} INFO - [2026-09-24T16:25:13.890+0000] {dagbag.py:588} INFO - Filling up the DagBag from /opt/airflow/dags/dss150p_pipeline.py
[2026-09-24T16:25:13.916+0000] {processor.py:925} INFO - DAG(s) 'dss150p_sales_pipeline' retrieved from /opt/airflow/dags/dss150p_pipeline.py
[2026-09-24T16:25:13.976+0000] {logging_mixin.py:190} INFO - [2026-09-24T16:25:13.976+0000] {dag.py:3239} INFO - Sync 1 DAGs
[2026-09-24T16:25:14.009+0000] {logging_mixin.py:190} INFO - [2026-09-24T16:25:14.009+0000] {dag.py:4180} INFO - Setting next_dagrun for dss150p_sales_pipeline to 2026-09-24 02:00:00+00:00, run_after=2026-09-25 02:00:00+00:00
[2026-09-24T16:25:14.048+0000] {processor.py:208} INFO - Processing /opt/airflow/dags/dss150p_pipeline.py took 0.175 seconds
[2026-09-24T16:25:44.420+0000] {processor.py:186} INFO - Started process (PID=322) to work on /opt/airflow/dags/dss150p_pipeline.py
[2026-09-24T16:25:44.422+0000] {processor.py:914} INFO - Processing file /opt/airflow/dags/dss150p_pipeline.py for tasks to queue
[2026-09-24T16:25:44.424+0000] {logging_mixin.py:190} INFO - [2026-09-24T16:25:44.424+0000] {dagbag.py:588} INFO - Filling up the DagBag from /opt/airflow/dags/dss150p_pipeline.py
[2026-09-24T16:25:44.442+0000] {processor.py:925} INFO - DAG(s) 'dss150p_sales_pipeline' retrieved from /opt/airflow/dags/dss150p_pipeline.py
[2026-09-24T16:25:44.493+0000] {logging_mixin.py:190} INFO - [2026-09-24T16:25:44.492+0000] {dag.py:3239} INFO - Sync 1 DAGs
[2026-09-24T16:25:44.519+0000] {logging_mixin.py:190} INFO - [2026-09-24T16:25:44.519+0000] {dag.py:4180} INFO - Setting next_dagrun for dss150p_sales_pipeline to 2026-09-24 02:00:00+00:00, run_after=2026-09-25 02:00:00+00:00
[2026-09-24T16:25:44.547+0000] {processor.py:208} INFO - Processing /opt/airflow/dags/dss150p_pipeline.py took 0.133 seconds
[2026-09-24T16:26:14.865+0000] {processor.py:186} INFO - Started process (PID=327) to work on /opt/airflow/dags/dss150p_pipeline.py
[2026-09-24T16:26:14.866+0000] {processor.py:914} INFO - Processing file /opt/airflow/dags/dss150p_pipeline.py for tasks to queue
[2026-09-24T16:26:14.870+0000] {logging_mixin.py:190} INFO - [2026-09-24T16:26:14.868+0000] {dagbag.py:588} INFO - Filling up the DagBag from /opt/airflow/dags/dss150p_pipeline.py
[2026-09-24T16:26:14.889+0000] {processor.py:925} INFO - DAG(s) 'dss150p_sales_pipeline' retrieved from /opt/airflow/dags/dss150p_pipeline.py
[2026-09-24T16:26:14.946+0000] {logging_mixin.py:190} INFO - [2026-09-24T16:26:14.946+0000] {dag.py:3239} INFO - Sync 1 DAGs
[2026-09-24T16:26:14.977+0000] {logging_mixin.py:190} INFO - [2026-09-24T16:26:14.976+0000] {dag.py:4180} INFO - Setting next_dagrun for dss150p_sales_pipeline to 2026-09-24 02:00:00+00:00, run_after=2026-09-25 02:00:00+00:00
[2026-09-24T16:26:15.001+0000] {processor.py:208} INFO - Processing /opt/airflow/dags/dss150p_pipeline.py took 0.144 seconds
[2026-09-24T16:26:45.281+0000] {processor.py:186} INFO - Started process (PID=332) to work on /opt/airflow/dags/dss150p_pipeline.py
[2026-09-24T16:26:45.283+0000] {processor.py:914} INFO - Processing file /opt/airflow/dags/dss150p_pipeline.py for tasks to queue
[2026-09-24T16:26:45.286+0000] {logging_mixin.py:190} INFO - [2026-09-24T16:26:45.285+0000] {dagbag.py:588} INFO - Filling up the DagBag from /opt/airflow/dags/dss150p_pipeline.py
[2026-09-24T16:26:45.304+0000] {processor.py:925} INFO - DAG(s) 'dss150p_sales_pipeline' retrieved from /opt/airflow/dags/dss150p_pipeline.py
[2026-09-24T16:26:45.362+0000] {logging_mixin.py:190} INFO - [2026-09-24T16:26:45.362+0000] {dag.py:3239} INFO - Sync 1 DAGs
[2026-09-24T16:26:45.397+0000] {logging_mixin.py:190} INFO - [2026-09-24T16:26:45.396+0000] {dag.py:4180} INFO - Setting next_dagrun for dss150p_sales_pipeline to 2026-09-24 02:00:00+00:00, run_after=2026-09-25 02:00:00+00:00
[2026-09-24T16:26:45.418+0000] {processor.py:208} INFO - Processing /opt/airflow/dags/dss150p_pipeline.py took 0.145 seconds
[2026-09-24T16:27:15.546+0000] {processor.py:186} INFO - Started process (PID=337) to work on /opt/airflow/dags/dss150p_pipeline.py
[2026-09-24T16:27:15.547+0000] {processor.py:914} INFO - Processing file /opt/airflow/dags/dss150p_pipeline.py for tasks to queue
[2026-09-24T16:27:15.550+0000] {logging_mixin.py:190} INFO - [2026-09-24T16:27:15.549+0000] {dagbag.py:588} INFO - Filling up the DagBag from /opt/airflow/dags/dss150p_pipeline.py
[2026-09-24T16:27:15.568+0000] {processor.py:925} INFO - DAG(s) 'dss150p_sales_pipeline' retrieved from /opt/airflow/dags/dss150p_pipeline.py
[2026-09-24T16:27:15.626+0000] {logging_mixin.py:190} INFO - [2026-09-24T16:27:15.626+0000] {dag.py:3239} INFO - Sync 1 DAGs
[2026-09-24T16:27:15.658+0000] {logging_mixin.py:190} INFO - [2026-09-24T16:27:15.657+0000] {dag.py:4180} INFO - Setting next_dagrun for dss150p_sales_pipeline to 2026-09-24 02:00:00+00:00, run_after=2026-09-25 02:00:00+00:00
[2026-09-24T16:27:15.682+0000] {processor.py:208} INFO - Processing /opt/airflow/dags/dss150p_pipeline.py took 0.145 seconds
[2026-09-24T16:27:46.632+0000] {processor.py:186} INFO - Started process (PID=342) to work on /opt/airflow/dags/dss150p_pipeline.py
[2026-09-24T16:27:46.634+0000] {processor.py:914} INFO - Processing file /opt/airflow/dags/dss150p_pipeline.py for tasks to queue
[2026-09-24T16:27:46.637+0000] {logging_mixin.py:190} INFO - [2026-09-24T16:27:46.637+0000] {dagbag.py:588} INFO - Filling up the DagBag from /opt/airflow/dags/dss150p_pipeline.py
[2026-09-24T16:27:46.663+0000] {processor.py:925} INFO - DAG(s) 'dss150p_sales_pipeline' retrieved from /opt/airflow/dags/dss150p_pipeline.py
[2026-09-24T16:27:46.723+0000] {logging_mixin.py:190} INFO - [2026-09-24T16:27:46.723+0000] {dag.py:3239} INFO - Sync 1 DAGs
[2026-09-24T16:27:46.766+0000] {logging_mixin.py:190} INFO - [2026-09-24T16:27:46.766+0000] {dag.py:4180} INFO - Setting next_dagrun for dss150p_sales_pipeline to 2026-09-24 02:00:00+00:00, run_after=2026-09-25 02:00:00+00:00
[2026-09-24T16:27:46.790+0000] {processor.py:208} INFO - Processing /opt/airflow/dags/dss150p_pipeline.py took 0.168 seconds
[2026-09-24T16:28:16.950+0000] {processor.py:186} INFO - Started process (PID=347) to work on /opt/airflow/dags/dss150p_pipeline.py
[2026-09-24T16:28:16.952+0000] {processor.py:914} INFO - Processing file /opt/airflow/dags/dss150p_pipeline.py for tasks to queue
[2026-09-24T16:28:16.955+0000] {logging_mixin.py:190} INFO - [2026-09-24T16:28:16.955+0000] {dagbag.py:588} INFO - Filling up the DagBag from /opt/airflow/dags/dss150p_pipeline.py
[2026-09-24T16:28:16.974+0000] {processor.py:925} INFO - DAG(s) 'dss150p_sales_pipeline' retrieved from /opt/airflow/dags/dss150p_pipeline.py
[2026-09-24T16:28:17.031+0000] {logging_mixin.py:190} INFO - [2026-09-24T16:28:17.031+0000] {dag.py:3239} INFO - Sync 1 DAGs
[2026-09-24T16:28:17.060+0000] {logging_mixin.py:190} INFO - [2026-09-24T16:28:17.060+0000] {dag.py:4180} INFO - Setting next_dagrun for dss150p_sales_pipeline to 2026-09-24 02:00:00+00:00, run_after=2026-09-25 02:00:00+00:00
[2026-09-24T16:28:17.084+0000] {processor.py:208} INFO - Processing /opt/airflow/dags/dss150p_pipeline.py took 0.142 seconds
[2026-09-24T16:28:47.421+0000] {processor.py:186} INFO - Started process (PID=352) to work on /opt/airflow/dags/dss150p_pipeline.py
[2026-09-24T16:28:47.423+0000] {processor.py:914} INFO - Processing file /opt/airflow/dags/dss150p_pipeline.py for tasks to queue
[2026-09-24T16:28:47.428+0000] {logging_mixin.py:190} INFO - [2026-09-24T16:28:47.428+0000] {dagbag.py:588} INFO - Filling up the DagBag from /opt/airflow/dags/dss150p_pipeline.py
[2026-09-24T16:28:47.464+0000] {processor.py:925} INFO - DAG(s) 'dss150p_sales_pipeline' retrieved from /opt/airflow/dags/dss150p_pipeline.py
[2026-09-24T16:28:47.549+0000] {logging_mixin.py:190} INFO - [2026-09-24T16:28:47.548+0000] {dag.py:3239} INFO - Sync 1 DAGs
[2026-09-24T16:28:47.603+0000] {logging_mixin.py:190} INFO - [2026-09-24T16:28:47.603+0000] {dag.py:4180} INFO - Setting next_dagrun for dss150p_sales_pipeline to 2026-09-24 02:00:00+00:00, run_after=2026-09-25 02:00:00+00:00
[2026-09-24T16:28:47.636+0000] {processor.py:208} INFO - Processing /opt/airflow/dags/dss150p_pipeline.py took 0.244 seconds
[2026-09-24T16:29:17.900+0000] {processor.py:186} INFO - Started process (PID=357) to work on /opt/airflow/dags/dss150p_pipeline.py
[2026-09-24T16:29:17.901+0000] {processor.py:914} INFO - Processing file /opt/airflow/dags/dss150p_pipeline.py for tasks to queue
[2026-09-24T16:29:17.904+0000] {logging_mixin.py:190} INFO - [2026-09-24T16:29:17.904+0000] {dagbag.py:588} INFO - Filling up the DagBag from /opt/airflow/dags/dss150p_pipeline.py
[2026-09-24T16:29:17.925+0000] {processor.py:925} INFO - DAG(s) 'dss150p_sales_pipeline' retrieved from /opt/airflow/dags/dss150p_pipeline.py
[2026-09-24T16:29:17.981+0000] {logging_mixin.py:190} INFO - [2026-09-24T16:29:17.981+0000] {dag.py:3239} INFO - Sync 1 DAGs
[2026-09-24T16:29:18.035+0000] {logging_mixin.py:190} INFO - [2026-09-24T16:29:18.034+0000] {dag.py:4180} INFO - Setting next_dagrun for dss150p_sales_pipeline to 2026-09-24 02:00:00+00:00, run_after=2026-09-25 02:00:00+00:00
[2026-09-24T16:29:18.070+0000] {processor.py:208} INFO - Processing /opt/airflow/dags/dss150p_pipeline.py took 0.178 seconds
[2026-09-24T16:29:48.650+0000] {processor.py:186} INFO - Started process (PID=362) to work on /opt/airflow/dags/dss150p_pipeline.py
[2026-09-24T16:29:48.653+0000] {processor.py:914} INFO - Processing file /opt/airflow/dags/dss150p_pipeline.py for tasks to queue
[2026-09-24T16:29:48.659+0000] {logging_mixin.py:190} INFO - [2026-09-24T16:29:48.658+0000] {dagbag.py:588} INFO - Filling up the DagBag from /opt/airflow/dags/dss150p_pipeline.py
[2026-09-24T16:29:48.697+0000] {processor.py:925} INFO - DAG(s) 'dss150p_sales_pipeline' retrieved from /opt/airflow/dags/dss150p_pipeline.py
[2026-09-24T16:29:48.842+0000] {logging_mixin.py:190} INFO - [2026-09-24T16:29:48.842+0000] {dag.py:3239} INFO - Sync 1 DAGs
[2026-09-24T16:29:48.903+0000] {logging_mixin.py:190} INFO - [2026-09-24T16:29:48.903+0000] {dag.py:4180} INFO - Setting next_dagrun for dss150p_sales_pipeline to 2026-09-24 02:00:00+00:00, run_after=2026-09-25 02:00:00+00:00
[2026-09-24T16:29:48.940+0000] {processor.py:208} INFO - Processing /opt/airflow/dags/dss150p_pipeline.py took 0.303 seconds
[2026-09-24T16:30:19.283+0000] {processor.py:186} INFO - Started process (PID=367) to work on /opt/airflow/dags/dss150p_pipeline.py
[2026-09-24T16:30:19.286+0000] {processor.py:914} INFO - Processing file /opt/airflow/dags/dss150p_pipeline.py for tasks to queue
[2026-09-24T16:30:19.296+0000] {logging_mixin.py:190} INFO - [2026-09-24T16:30:19.295+0000] {dagbag.py:588} INFO - Filling up the DagBag from /opt/airflow/dags/dss150p_pipeline.py
[2026-09-24T16:30:19.342+0000] {processor.py:925} INFO - DAG(s) 'dss150p_sales_pipeline' retrieved from /opt/airflow/dags/dss150p_pipeline.py
[2026-09-24T16:30:19.478+0000] {logging_mixin.py:190} INFO - [2026-09-24T16:30:19.478+0000] {dag.py:3239} INFO - Sync 1 DAGs
[2026-09-24T16:30:19.565+0000] {logging_mixin.py:190} INFO - [2026-09-24T16:30:19.565+0000] {dag.py:4180} INFO - Setting next_dagrun for dss150p_sales_pipeline to 2026-09-24 02:00:00+00:00, run_after=2026-09-25 02:00:00+00:00
[2026-09-24T16:30:20.786+0000] {processor.py:208} INFO - Processing /opt/airflow/dags/dss150p_pipeline.py took 1.523 seconds
[2026-09-24T16:30:51.279+0000] {processor.py:186} INFO - Started process (PID=372) to work on /opt/airflow/dags/dss150p_pipeline.py
[2026-09-24T16:30:51.282+0000] {processor.py:914} INFO - Processing file /opt/airflow/dags/dss150p_pipeline.py for tasks to queue
[2026-09-24T16:30:51.291+0000] {logging_mixin.py:190} INFO - [2026-09-24T16:30:51.290+0000] {dagbag.py:588} INFO - Filling up the DagBag from /opt/airflow/dags/dss150p_pipeline.py
[2026-09-24T16:30:51.545+0000] {processor.py:925} INFO - DAG(s) 'dss150p_sales_pipeline' retrieved from /opt/airflow/dags/dss150p_pipeline.py
[2026-09-24T16:30:51.697+0000] {logging_mixin.py:190} INFO - [2026-09-24T16:30:51.696+0000] {dag.py:3239} INFO - Sync 1 DAGs
[2026-09-24T16:30:51.752+0000] {logging_mixin.py:190} INFO - [2026-09-24T16:30:51.752+0000] {dag.py:4180} INFO - Setting next_dagrun for dss150p_sales_pipeline to 2026-09-24 02:00:00+00:00, run_after=2026-09-25 02:00:00+00:00
[2026-09-24T16:30:51.840+0000] {processor.py:208} INFO - Processing /opt/airflow/dags/dss150p_pipeline.py took 0.578 seconds
[2026-09-24T16:31:22.370+0000] {processor.py:186} INFO - Started process (PID=377) to work on /opt/airflow/dags/dss150p_pipeline.py
[2026-09-24T16:31:22.374+0000] {processor.py:914} INFO - Processing file /opt/airflow/dags/dss150p_pipeline.py for tasks to queue
[2026-09-24T16:31:22.390+0000] {logging_mixin.py:190} INFO - [2026-09-24T16:31:22.389+0000] {dagbag.py:588} INFO - Filling up the DagBag from /opt/airflow/dags/dss150p_pipeline.py
[2026-09-24T16:31:22.470+0000] {processor.py:925} INFO - DAG(s) 'dss150p_sales_pipeline' retrieved from /opt/airflow/dags/dss150p_pipeline.py
[2026-09-24T16:31:22.620+0000] {logging_mixin.py:190} INFO - [2026-09-24T16:31:22.619+0000] {dag.py:3239} INFO - Sync 1 DAGs
[2026-09-24T16:31:23.465+0000] {logging_mixin.py:190} INFO - [2026-09-24T16:31:23.462+0000] {dag.py:4180} INFO - Setting next_dagrun for dss150p_sales_pipeline to 2026-09-24 02:00:00+00:00, run_after=2026-09-25 02:00:00+00:00
[2026-09-24T16:31:23.653+0000] {processor.py:208} INFO - Processing /opt/airflow/dags/dss150p_pipeline.py took 1.334 seconds
[2026-09-24T16:31:53.830+0000] {processor.py:186} INFO - Started process (PID=382) to work on /opt/airflow/dags/dss150p_pipeline.py
[2026-09-24T16:31:53.832+0000] {processor.py:914} INFO - Processing file /opt/airflow/dags/dss150p_pipeline.py for tasks to queue
[2026-09-24T16:31:53.844+0000] {logging_mixin.py:190} INFO - [2026-09-24T16:31:53.843+0000] {dagbag.py:588} INFO - Filling up the DagBag from /opt/airflow/dags/dss150p_pipeline.py
[2026-09-24T16:31:53.959+0000] {processor.py:925} INFO - DAG(s) 'dss150p_sales_pipeline' retrieved from /opt/airflow/dags/dss150p_pipeline.py
[2026-09-24T16:31:54.164+0000] {logging_mixin.py:190} INFO - [2026-09-24T16:31:54.164+0000] {dag.py:3239} INFO - Sync 1 DAGs
[2026-09-24T16:31:54.335+0000] {logging_mixin.py:190} INFO - [2026-09-24T16:31:54.334+0000] {dag.py:4180} INFO - Setting next_dagrun for dss150p_sales_pipeline to 2026-09-24 02:00:00+00:00, run_after=2026-09-25 02:00:00+00:00
[2026-09-24T16:31:54.448+0000] {processor.py:208} INFO - Processing /opt/airflow/dags/dss150p_pipeline.py took 0.646 seconds
[2026-09-24T16:32:24.894+0000] {processor.py:186} INFO - Started process (PID=387) to work on /opt/airflow/dags/dss150p_pipeline.py
[2026-09-24T16:32:24.896+0000] {processor.py:914} INFO - Processing file /opt/airflow/dags/dss150p_pipeline.py for tasks to queue
[2026-09-24T16:32:24.900+0000] {logging_mixin.py:190} INFO - [2026-09-24T16:32:24.899+0000] {dagbag.py:588} INFO - Filling up the DagBag from /opt/airflow/dags/dss150p_pipeline.py
[2026-09-24T16:32:24.931+0000] {processor.py:925} INFO - DAG(s) 'dss150p_sales_pipeline' retrieved from /opt/airflow/dags/dss150p_pipeline.py
[2026-09-24T16:32:25.033+0000] {logging_mixin.py:190} INFO - [2026-09-24T16:32:25.033+0000] {dag.py:3239} INFO - Sync 1 DAGs
[2026-09-24T16:32:25.095+0000] {logging_mixin.py:190} INFO - [2026-09-24T16:32:25.094+0000] {dag.py:4180} INFO - Setting next_dagrun for dss150p_sales_pipeline to 2026-09-24 02:00:00+00:00, run_after=2026-09-25 02:00:00+00:00
[2026-09-24T16:32:25.152+0000] {processor.py:208} INFO - Processing /opt/airflow/dags/dss150p_pipeline.py took 0.267 seconds
[2026-09-24T16:32:55.661+0000] {processor.py:186} INFO - Started process (PID=392) to work on /opt/airflow/dags/dss150p_pipeline.py
[2026-09-24T16:32:55.663+0000] {processor.py:914} INFO - Processing file /opt/airflow/dags/dss150p_pipeline.py for tasks to queue
[2026-09-24T16:32:55.669+0000] {logging_mixin.py:190} INFO - [2026-09-24T16:32:55.668+0000] {dagbag.py:588} INFO - Filling up the DagBag from /opt/airflow/dags/dss150p_pipeline.py
[2026-09-24T16:32:55.704+0000] {processor.py:925} INFO - DAG(s) 'dss150p_sales_pipeline' retrieved from /opt/airflow/dags/dss150p_pipeline.py
[2026-09-24T16:32:55.773+0000] {logging_mixin.py:190} INFO - [2026-09-24T16:32:55.773+0000] {dag.py:3239} INFO - Sync 1 DAGs
[2026-09-24T16:32:55.814+0000] {logging_mixin.py:190} INFO - [2026-09-24T16:32:55.814+0000] {dag.py:4180} INFO - Setting next_dagrun for dss150p_sales_pipeline to 2026-09-24 02:00:00+00:00, run_after=2026-09-25 02:00:00+00:00
[2026-09-24T16:32:55.845+0000] {processor.py:208} INFO - Processing /opt/airflow/dags/dss150p_pipeline.py took 0.200 seconds
[2026-09-24T16:33:26.583+0000] {processor.py:186} INFO - Started process (PID=397) to work on /opt/airflow/dags/dss150p_pipeline.py
[2026-09-24T16:33:26.585+0000] {processor.py:914} INFO - Processing file /opt/airflow/dags/dss150p_pipeline.py for tasks to queue
[2026-09-24T16:33:26.591+0000] {logging_mixin.py:190} INFO - [2026-09-24T16:33:26.590+0000] {dagbag.py:588} INFO - Filling up the DagBag from /opt/airflow/dags/dss150p_pipeline.py
[2026-09-24T16:33:26.622+0000] {processor.py:925} INFO - DAG(s) 'dss150p_sales_pipeline' retrieved from /opt/airflow/dags/dss150p_pipeline.py
[2026-09-24T16:33:26.719+0000] {logging_mixin.py:190} INFO - [2026-09-24T16:33:26.719+0000] {dag.py:3239} INFO - Sync 1 DAGs
[2026-09-24T16:33:26.765+0000] {logging_mixin.py:190} INFO - [2026-09-24T16:33:26.765+0000] {dag.py:4180} INFO - Setting next_dagrun for dss150p_sales_pipeline to 2026-09-24 02:00:00+00:00, run_after=2026-09-25 02:00:00+00:00
[2026-09-24T16:33:26.793+0000] {processor.py:208} INFO - Processing /opt/airflow/dags/dss150p_pipeline.py took 0.222 seconds
[2026-09-24T16:33:57.176+0000] {processor.py:186} INFO - Started process (PID=402) to work on /opt/airflow/dags/dss150p_pipeline.py
[2026-09-24T16:33:57.179+0000] {processor.py:914} INFO - Processing file /opt/airflow/dags/dss150p_pipeline.py for tasks to queue
[2026-09-24T16:33:57.192+0000] {logging_mixin.py:190} INFO - [2026-09-24T16:33:57.190+0000] {dagbag.py:588} INFO - Filling up the DagBag from /opt/airflow/dags/dss150p_pipeline.py
[2026-09-24T16:33:57.221+0000] {processor.py:925} INFO - DAG(s) 'dss150p_sales_pipeline' retrieved from /opt/airflow/dags/dss150p_pipeline.py
[2026-09-24T16:33:57.298+0000] {logging_mixin.py:190} INFO - [2026-09-24T16:33:57.297+0000] {dag.py:3239} INFO - Sync 1 DAGs
[2026-09-24T16:33:57.346+0000] {logging_mixin.py:190} INFO - [2026-09-24T16:33:57.345+0000] {dag.py:4180} INFO - Setting next_dagrun for dss150p_sales_pipeline to 2026-09-24 02:00:00+00:00, run_after=2026-09-25 02:00:00+00:00
[2026-09-24T16:33:57.389+0000] {processor.py:208} INFO - Processing /opt/airflow/dags/dss150p_pipeline.py took 0.253 seconds
[2026-09-24T16:34:28.450+0000] {processor.py:186} INFO - Started process (PID=407) to work on /opt/airflow/dags/dss150p_pipeline.py
[2026-09-24T16:34:28.453+0000] {processor.py:914} INFO - Processing file /opt/airflow/dags/dss150p_pipeline.py for tasks to queue
[2026-09-24T16:34:28.458+0000] {logging_mixin.py:190} INFO - [2026-09-24T16:34:28.457+0000] {dagbag.py:588} INFO - Filling up the DagBag from /opt/airflow/dags/dss150p_pipeline.py
[2026-09-24T16:34:28.487+0000] {processor.py:925} INFO - DAG(s) 'dss150p_sales_pipeline' retrieved from /opt/airflow/dags/dss150p_pipeline.py
[2026-09-24T16:34:28.548+0000] {logging_mixin.py:190} INFO - [2026-09-24T16:34:28.548+0000] {dag.py:3239} INFO - Sync 1 DAGs
[2026-09-24T16:34:28.583+0000] {logging_mixin.py:190} INFO - [2026-09-24T16:34:28.583+0000] {dag.py:4180} INFO - Setting next_dagrun for dss150p_sales_pipeline to 2026-09-24 02:00:00+00:00, run_after=2026-09-25 02:00:00+00:00
[2026-09-24T16:34:28.612+0000] {processor.py:208} INFO - Processing /opt/airflow/dags/dss150p_pipeline.py took 0.172 seconds
[2026-09-24T16:34:58.930+0000] {processor.py:186} INFO - Started process (PID=412) to work on /opt/airflow/dags/dss150p_pipeline.py
[2026-09-24T16:34:58.932+0000] {processor.py:914} INFO - Processing file /opt/airflow/dags/dss150p_pipeline.py for tasks to queue
[2026-09-24T16:34:58.937+0000] {logging_mixin.py:190} INFO - [2026-09-24T16:34:58.936+0000] {dagbag.py:588} INFO - Filling up the DagBag from /opt/airflow/dags/dss150p_pipeline.py
[2026-09-24T16:34:58.990+0000] {processor.py:925} INFO - DAG(s) 'dss150p_sales_pipeline' retrieved from /opt/airflow/dags/dss150p_pipeline.py
[2026-09-24T16:34:59.073+0000] {logging_mixin.py:190} INFO - [2026-09-24T16:34:59.072+0000] {dag.py:3239} INFO - Sync 1 DAGs
[2026-09-24T16:34:59.112+0000] {logging_mixin.py:190} INFO - [2026-09-24T16:34:59.112+0000] {dag.py:4180} INFO - Setting next_dagrun for dss150p_sales_pipeline to 2026-09-24 02:00:00+00:00, run_after=2026-09-25 02:00:00+00:00
[2026-09-24T16:34:59.143+0000] {processor.py:208} INFO - Processing /opt/airflow/dags/dss150p_pipeline.py took 0.229 seconds
[2026-09-24T16:35:29.406+0000] {processor.py:186} INFO - Started process (PID=417) to work on /opt/airflow/dags/dss150p_pipeline.py
[2026-09-24T16:35:29.614+0000] {processor.py:914} INFO - Processing file /opt/airflow/dags/dss150p_pipeline.py for tasks to queue
[2026-09-24T16:35:29.628+0000] {logging_mixin.py:190} INFO - [2026-09-24T16:35:29.628+0000] {dagbag.py:588} INFO - Filling up the DagBag from /opt/airflow/dags/dss150p_pipeline.py
[2026-09-24T16:35:29.725+0000] {processor.py:925} INFO - DAG(s) 'dss150p_sales_pipeline' retrieved from /opt/airflow/dags/dss150p_pipeline.py
[2026-09-24T16:35:29.822+0000] {logging_mixin.py:190} INFO - [2026-09-24T16:35:29.821+0000] {dag.py:3239} INFO - Sync 1 DAGs
[2026-09-24T16:35:29.862+0000] {logging_mixin.py:190} INFO - [2026-09-24T16:35:29.861+0000] {dag.py:4180} INFO - Setting next_dagrun for dss150p_sales_pipeline to 2026-09-24 02:00:00+00:00, run_after=2026-09-25 02:00:00+00:00
[2026-09-24T16:35:29.896+0000] {processor.py:208} INFO - Processing /opt/airflow/dags/dss150p_pipeline.py took 0.500 seconds
[2026-09-24T16:35:59.983+0000] {processor.py:186} INFO - Started process (PID=422) to work on /opt/airflow/dags/dss150p_pipeline.py
[2026-09-24T16:35:59.985+0000] {processor.py:914} INFO - Processing file /opt/airflow/dags/dss150p_pipeline.py for tasks to queue
[2026-09-24T16:35:59.988+0000] {logging_mixin.py:190} INFO - [2026-09-24T16:35:59.988+0000] {dagbag.py:588} INFO - Filling up the DagBag from /opt/airflow/dags/dss150p_pipeline.py
[2026-09-24T16:36:00.010+0000] {processor.py:925} INFO - DAG(s) 'dss150p_sales_pipeline' retrieved from /opt/airflow/dags/dss150p_pipeline.py
[2026-09-24T16:36:00.073+0000] {logging_mixin.py:190} INFO - [2026-09-24T16:36:00.073+0000] {dag.py:3239} INFO - Sync 1 DAGs
[2026-09-24T16:36:00.108+0000] {logging_mixin.py:190} INFO - [2026-09-24T16:36:00.108+0000] {dag.py:4180} INFO - Setting next_dagrun for dss150p_sales_pipeline to 2026-09-24 02:00:00+00:00, run_after=2026-09-25 02:00:00+00:00
[2026-09-24T16:36:00.137+0000] {processor.py:208} INFO - Processing /opt/airflow/dags/dss150p_pipeline.py took 0.163 seconds
[2026-09-24T16:36:30.347+0000] {processor.py:186} INFO - Started process (PID=427) to work on /opt/airflow/dags/dss150p_pipeline.py
[2026-09-24T16:36:30.348+0000] {processor.py:914} INFO - Processing file /opt/airflow/dags/dss150p_pipeline.py for tasks to queue
[2026-09-24T16:36:30.351+0000] {logging_mixin.py:190} INFO - [2026-09-24T16:36:30.351+0000] {dagbag.py:588} INFO - Filling up the DagBag from /opt/airflow/dags/dss150p_pipeline.py
[2026-09-24T16:36:30.371+0000] {processor.py:925} INFO - DAG(s) 'dss150p_sales_pipeline' retrieved from /opt/airflow/dags/dss150p_pipeline.py
[2026-09-24T16:36:30.431+0000] {logging_mixin.py:190} INFO - [2026-09-24T16:36:30.430+0000] {dag.py:3239} INFO - Sync 1 DAGs
[2026-09-24T16:36:30.460+0000] {logging_mixin.py:190} INFO - [2026-09-24T16:36:30.460+0000] {dag.py:4180} INFO - Setting next_dagrun for dss150p_sales_pipeline to 2026-09-24 02:00:00+00:00, run_after=2026-09-25 02:00:00+00:00
[2026-09-24T16:36:30.485+0000] {processor.py:208} INFO - Processing /opt/airflow/dags/dss150p_pipeline.py took 0.146 seconds
[2026-09-24T16:36:51.688+0000] {processor.py:186} INFO - Started process (PID=432) to work on /opt/airflow/dags/dss150p_pipeline.py
[2026-09-24T16:36:51.713+0000] {processor.py:914} INFO - Processing file /opt/airflow/dags/dss150p_pipeline.py for tasks to queue
[2026-09-24T16:36:51.752+0000] {logging_mixin.py:190} INFO - [2026-09-24T16:36:51.750+0000] {dagbag.py:588} INFO - Filling up the DagBag from /opt/airflow/dags/dss150p_pipeline.py
[2026-09-24T16:36:51.920+0000] {processor.py:925} INFO - DAG(s) 'dss150p_sales_pipeline' retrieved from /opt/airflow/dags/dss150p_pipeline.py
[2026-09-24T16:36:52.312+0000] {logging_mixin.py:190} INFO - [2026-09-24T16:36:52.312+0000] {dag.py:3239} INFO - Sync 1 DAGs
[2026-09-24T16:36:52.428+0000] {logging_mixin.py:190} INFO - [2026-09-24T16:36:52.427+0000] {dag.py:4180} INFO - Setting next_dagrun for dss150p_sales_pipeline to 2026-09-24 02:00:00+00:00, run_after=2026-09-25 02:00:00+00:00
[2026-09-24T16:36:52.490+0000] {processor.py:208} INFO - Processing /opt/airflow/dags/dss150p_pipeline.py took 0.869 seconds
[2026-09-24T16:37:22.888+0000] {processor.py:186} INFO - Started process (PID=437) to work on /opt/airflow/dags/dss150p_pipeline.py
[2026-09-24T16:37:22.889+0000] {processor.py:914} INFO - Processing file /opt/airflow/dags/dss150p_pipeline.py for tasks to queue
[2026-09-24T16:37:22.893+0000] {logging_mixin.py:190} INFO - [2026-09-24T16:37:22.892+0000] {dagbag.py:588} INFO - Filling up the DagBag from /opt/airflow/dags/dss150p_pipeline.py
[2026-09-24T16:37:22.931+0000] {processor.py:925} INFO - DAG(s) 'dss150p_sales_pipeline' retrieved from /opt/airflow/dags/dss150p_pipeline.py
[2026-09-24T16:37:22.992+0000] {logging_mixin.py:190} INFO - [2026-09-24T16:37:22.991+0000] {dag.py:3239} INFO - Sync 1 DAGs
[2026-09-24T16:37:23.024+0000] {logging_mixin.py:190} INFO - [2026-09-24T16:37:23.024+0000] {dag.py:4180} INFO - Setting next_dagrun for dss150p_sales_pipeline to 2026-09-24 02:00:00+00:00, run_after=2026-09-25 02:00:00+00:00
[2026-09-24T16:37:23.048+0000] {processor.py:208} INFO - Processing /opt/airflow/dags/dss150p_pipeline.py took 0.170 seconds
[2026-09-24T16:37:53.177+0000] {processor.py:186} INFO - Started process (PID=442) to work on /opt/airflow/dags/dss150p_pipeline.py
[2026-09-24T16:37:53.180+0000] {processor.py:914} INFO - Processing file /opt/airflow/dags/dss150p_pipeline.py for tasks to queue
[2026-09-24T16:37:53.185+0000] {logging_mixin.py:190} INFO - [2026-09-24T16:37:53.185+0000] {dagbag.py:588} INFO - Filling up the DagBag from /opt/airflow/dags/dss150p_pipeline.py
[2026-09-24T16:37:53.259+0000] {processor.py:925} INFO - DAG(s) 'dss150p_sales_pipeline' retrieved from /opt/airflow/dags/dss150p_pipeline.py
[2026-09-24T16:37:53.406+0000] {logging_mixin.py:190} INFO - [2026-09-24T16:37:53.404+0000] {dag.py:3239} INFO - Sync 1 DAGs
[2026-09-24T16:37:53.499+0000] {logging_mixin.py:190} INFO - [2026-09-24T16:37:53.499+0000] {dag.py:4180} INFO - Setting next_dagrun for dss150p_sales_pipeline to 2026-09-24 02:00:00+00:00, run_after=2026-09-25 02:00:00+00:00
[2026-09-24T16:37:53.556+0000] {processor.py:208} INFO - Processing /opt/airflow/dags/dss150p_pipeline.py took 0.396 seconds
[2026-09-24T16:38:24.450+0000] {processor.py:186} INFO - Started process (PID=447) to work on /opt/airflow/dags/dss150p_pipeline.py
[2026-09-24T16:38:24.453+0000] {processor.py:914} INFO - Processing file /opt/airflow/dags/dss150p_pipeline.py for tasks to queue
[2026-09-24T16:38:24.465+0000] {logging_mixin.py:190} INFO - [2026-09-24T16:38:24.464+0000] {dagbag.py:588} INFO - Filling up the DagBag from /opt/airflow/dags/dss150p_pipeline.py
[2026-09-24T16:38:24.541+0000] {processor.py:925} INFO - DAG(s) 'dss150p_sales_pipeline' retrieved from /opt/airflow/dags/dss150p_pipeline.py
[2026-09-24T16:38:24.736+0000] {logging_mixin.py:190} INFO - [2026-09-24T16:38:24.735+0000] {dag.py:3239} INFO - Sync 1 DAGs
[2026-09-24T16:38:24.858+0000] {logging_mixin.py:190} INFO - [2026-09-24T16:38:24.857+0000] {dag.py:4180} INFO - Setting next_dagrun for dss150p_sales_pipeline to 2026-09-24 02:00:00+00:00, run_after=2026-09-25 02:00:00+00:00
[2026-09-24T16:38:24.905+0000] {processor.py:208} INFO - Processing /opt/airflow/dags/dss150p_pipeline.py took 0.483 seconds
[2026-09-24T16:38:55.390+0000] {processor.py:186} INFO - Started process (PID=452) to work on /opt/airflow/dags/dss150p_pipeline.py
[2026-09-24T16:38:55.394+0000] {processor.py:914} INFO - Processing file /opt/airflow/dags/dss150p_pipeline.py for tasks to queue
[2026-09-24T16:38:55.399+0000] {logging_mixin.py:190} INFO - [2026-09-24T16:38:55.399+0000] {dagbag.py:588} INFO - Filling up the DagBag from /opt/airflow/dags/dss150p_pipeline.py
[2026-09-24T16:38:55.429+0000] {processor.py:925} INFO - DAG(s) 'dss150p_sales_pipeline' retrieved from /opt/airflow/dags/dss150p_pipeline.py
[2026-09-24T16:38:55.542+0000] {logging_mixin.py:190} INFO - [2026-09-24T16:38:55.542+0000] {dag.py:3239} INFO - Sync 1 DAGs
[2026-09-24T16:38:55.585+0000] {logging_mixin.py:190} INFO - [2026-09-24T16:38:55.585+0000] {dag.py:4180} INFO - Setting next_dagrun for dss150p_sales_pipeline to 2026-09-24 02:00:00+00:00, run_after=2026-09-25 02:00:00+00:00
[2026-09-24T16:38:55.611+0000] {processor.py:208} INFO - Processing /opt/airflow/dags/dss150p_pipeline.py took 0.233 seconds
