[2026-09-23T15:01:07.414+0000] {local_task_job_runner.py:123} INFO - ::group::Pre task execution logs
[2026-09-23T15:01:07.662+0000] {taskinstance.py:2614} INFO - Dependencies all met for dep_context=non-requeueable deps ti=<TaskInstance: dss150p_sales_pipeline.load manual__2026-09-23T14:55:34+00:00 [queued]>
[2026-09-23T15:01:07.712+0000] {taskinstance.py:2614} INFO - Dependencies all met for dep_context=requeueable deps ti=<TaskInstance: dss150p_sales_pipeline.load manual__2026-09-23T14:55:34+00:00 [queued]>
[2026-09-23T15:01:07.714+0000] {taskinstance.py:2867} INFO - Starting attempt 1 of 3
[2026-09-23T15:01:07.823+0000] {taskinstance.py:2890} INFO - Executing <Task(BashOperator): load> on 2026-09-23 14:55:34+00:00
[2026-09-23T15:01:07.846+0000] {standard_task_runner.py:72} INFO - Started process 1635 to run task
[2026-09-23T15:01:07.861+0000] {standard_task_runner.py:104} INFO - Running: ['airflow', 'tasks', 'run', 'dss150p_sales_pipeline', 'load', 'manual__2026-09-23T14:55:34+00:00', '--job-id', '57', '--raw', '--subdir', 'DAGS_FOLDER/dss150p_pipeline.py', '--cfg-path', '/tmp/tmpkx0jaqqe']
[2026-09-23T15:01:07.875+0000] {standard_task_runner.py:105} INFO - Job 57: Subtask load
[2026-09-23T15:01:10.176+0000] {task_command.py:467} INFO - Running <TaskInstance: dss150p_sales_pipeline.load manual__2026-09-23T14:55:34+00:00 [running]> on host 4976f0549547
[2026-09-23T15:01:14.770+0000] {taskinstance.py:3134} INFO - Exporting env vars: AIRFLOW_CTX_DAG_OWNER='dss150p' AIRFLOW_CTX_DAG_ID='dss150p_sales_pipeline' AIRFLOW_CTX_TASK_ID='load' AIRFLOW_CTX_EXECUTION_DATE='2026-09-23T14:55:34+00:00' AIRFLOW_CTX_TRY_NUMBER='1' AIRFLOW_CTX_DAG_RUN_ID='manual__2026-09-23T14:55:34+00:00'
[2026-09-23T15:01:14.988+0000] {taskinstance.py:732} INFO - ::endgroup::
[2026-09-23T15:01:15.874+0000] {subprocess.py:78} INFO - Tmp dir root location: /tmp
[2026-09-23T15:01:15.906+0000] {subprocess.py:88} INFO - Running command: ['/usr/bin/bash', '-c', 'cd /opt/airflow/project && PIPELINE_RUN_ID="manual__2026-09-23T14:55:34+00:00" python -m src.cli load']
[2026-09-23T15:01:16.636+0000] {subprocess.py:99} INFO - Output:
[2026-09-23T15:01:25.526+0000] {subprocess.py:106} INFO - Starting load phase...
[2026-09-23T15:01:25.530+0000] {subprocess.py:106} INFO - Loading curated data into PostgreSQL...
[2026-09-23T15:01:26.131+0000] {subprocess.py:110} INFO - Command exited with return code 0
[2026-09-23T15:01:26.234+0000] {taskinstance.py:341} INFO - ::group::Post task execution logs
[2026-09-23T15:01:26.236+0000] {taskinstance.py:353} INFO - Marking task as SUCCESS. dag_id=dss150p_sales_pipeline, task_id=load, run_id=manual__2026-09-23T14:55:34+00:00, execution_date=20260923T145534, start_date=20260923T150107, end_date=20260923T150126
[2026-09-23T15:01:26.577+0000] {local_task_job_runner.py:266} INFO - Task exited with return code 0
[2026-09-23T15:01:26.684+0000] {taskinstance.py:3901} INFO - 1 downstream tasks scheduled from follow-on schedule check
[2026-09-23T15:01:26.693+0000] {local_task_job_runner.py:245} INFO - ::endgroup::
